Unity Editor version:    2022.3.60f1 (5f63fdee6d95)
Branch:                  2022.3/staging
Build type:              Release
Batch mode:              YES
macOS version:           Version 26.5.1 (Build 25F80)
Darwin version:          25.5.0
Architecture:            arm64
Running under Rosetta:   NO
Available memory:        16384 MB
[Licensing::Module] Trying to connect to existing licensing client channel...
[Licensing::IpcConnector] Channel LicenseClient-andy doesn't exist
Launching external process: /Applications/Unity/Unity.app/Contents/Frameworks/UnityLicensingClient.app/Contents/MacOS/Unity.Licensing.Client
[Licensing::Module] Successfully launched the LicensingClient (PId: 29544)
[Licensing::IpcConnector] Successfully connected to: "LicenseClient-andy" at "2026-06-24T02:21:11.925146Z"
[Licensing::Client] Code 10 while verifying Licensing Client signature (process Id: 29544, path: "/Applications/Unity/Unity.app/Contents/Frameworks/UnityLicensingClient.app/Contents/MacOS/Unity.Licensing.Client")
[Licensing::Module] LicensingClient has failed validation; ignoring
[Licensing::Client] Handshaking with LicensingClient:
  Version:                 1.16.1+e780b2e
  Session Id:              b0537818cc4b430cabf459bed1064c8e
  Correlation Id:          bc867f4a0e6d19164f6a97db1cc8597d
  External correlation Id: 6374005682891505940
  Machine Id:              3HKOSEym3QuTMFc60YdwGphPCeY=
[Licensing::Module] Successfully connected to LicensingClient on channel: "LicenseClient-andy" (connect: 0.59s, validation: 0.06s, handshake: 0.61s)
[Licensing::IpcConnector] Successfully connected to: "LicenseClient-andy-notifications" at "2026-06-24T02:21:12.59664Z"
[Licensing::Module] Connected to LicensingClient (PId: 29544, launch time: 0.00, total connection time: 1.26s)
[Licensing::Module] Error: Access token is unavailable; failed to update
[Licensing::Client] Successfully updated license
[Licensing::Client] Successfully resolved entitlement details
[Licensing::Module] Serial number assigned to: "F4-RX2G-8D42-DQH9-9K2U-XXXX"
Pro License: NO
[Licensing::Client] Successfully resolved entitlement details
Launching external process: /Applications/Unity/Unity.app/Contents/Resources/PackageManager/Server/UnityPackageManager

COMMAND LINE ARGUMENTS:
/Applications/Unity/Unity.app/Contents/MacOS/Unity
-runTests
-batchmode
-projectPath
.
-testPlatform
EditMode
-testFilter
Change.Runtime.UI.Tests.WindowLayerSortingOrderManagerTests
-logFile
../test-output.log
Successfully changed project path to: /Users/andy/Workspace/github/andycai/fun/.claude/worktrees/window-manager/UnityProject
/Users/andy/Workspace/github/andycai/fun/.claude/worktrees/window-manager/UnityProject
[UnityMemory] Configuration Parameters - Can be set up in boot.config
    "memorysetup-bucket-allocator-granularity=16"
    "memorysetup-bucket-allocator-bucket-count=8"
    "memorysetup-bucket-allocator-block-size=33554432"
    "memorysetup-bucket-allocator-block-count=8"
    "memorysetup-main-allocator-block-size=16777216"
    "memorysetup-thread-allocator-block-size=16777216"
    "memorysetup-gfx-main-allocator-block-size=16777216"
    "memorysetup-gfx-thread-allocator-block-size=16777216"
    "memorysetup-cache-allocator-block-size=4194304"
    "memorysetup-typetree-allocator-block-size=2097152"
    "memorysetup-profiler-bucket-allocator-granularity=16"
    "memorysetup-profiler-bucket-allocator-bucket-count=8"
    "memorysetup-profiler-bucket-allocator-block-size=33554432"
    "memorysetup-profiler-bucket-allocator-block-count=8"
    "memorysetup-profiler-allocator-block-size=16777216"
    "memorysetup-profiler-editor-allocator-block-size=1048576"
    "memorysetup-temp-allocator-size-main=16777216"
    "memorysetup-job-temp-allocator-block-size=2097152"
    "memorysetup-job-temp-allocator-block-size-background=1048576"
    "memorysetup-job-temp-allocator-reduction-small-platforms=262144"
    "memorysetup-allocator-temp-initial-block-size-main=262144"
    "memorysetup-allocator-temp-initial-block-size-worker=262144"
    "memorysetup-temp-allocator-size-background-worker=32768"
    "memorysetup-temp-allocator-size-job-worker=262144"
    "memorysetup-temp-allocator-size-preload-manager=33554432"
    "memorysetup-temp-allocator-size-nav-mesh-worker=65536"
    "memorysetup-temp-allocator-size-audio-worker=65536"
    "memorysetup-temp-allocator-size-cloud-worker=32768"
    "memorysetup-temp-allocator-size-gi-baking-worker=262144"
    "memorysetup-temp-allocator-size-gfx=262144"
Player connection [8262246016]  Target information:

Player connection [8262246016]  * "[IP] 10.10.13.142 [Port] 55504 [Flags] 2 [Guid] 1032189088 [EditorId] 1032189088 [Version] 1048832 [Id] OSXEditor(0,caihuayis-MacBook-Air.local) [Debug] 1 [PackageName] OSXEditor [ProjectName] Editor" 

Player connection [8262246016] Host joined multi-casting on [225.0.0.222:54997]...
Player connection [8262246016] Host joined alternative multi-casting on [225.0.0.222:34997]...
Input System module state changed to: Initialized.
[PhysX] Initialized MultithreadedTaskDispatcher with 8 workers.
[Package Manager] UpmClient::Connect -- Connected to IPC stream "Upm-29542" after 0.4 seconds.
[Package Manager] Restoring resolved packages state from cache
[Licensing::Client] Successfully resolved entitlement details
[Package Manager] Registered 62 packages:
  Packages from [https://package.openupm.com]:
    com.cysharp.unitask@2.5.10 (location: /Users/andy/Workspace/github/andycai/fun/.claude/worktrees/window-manager/UnityProject/Library/PackageCache/com.cysharp.unitask@2.5.10)
    com.jasonxudeveloper.nino@4.0.0-preview.147 (location: /Users/andy/Workspace/github/andycai/fun/.claude/worktrees/window-manager/UnityProject/Library/PackageCache/com.jasonxudeveloper.nino@4.0.0-preview.147)
    com.tuyoogame.yooasset@2.3.18 (location: /Users/andy/Workspace/github/andycai/fun/.claude/worktrees/window-manager/UnityProject/Library/PackageCache/com.tuyoogame.yooasset@2.3.18)
  Packages from [https://packages.unity.com]:
    com.unity.ads@4.4.2 (location: /Users/andy/Workspace/github/andycai/fun/.claude/worktrees/window-manager/UnityProject/Library/PackageCache/com.unity.ads@4.4.2)
    com.unity.ai.navigation@1.1.6 (location: /Users/andy/Workspace/github/andycai/fun/.claude/worktrees/window-manager/UnityProject/Library/PackageCache/com.unity.ai.navigation@1.1.6)
    com.unity.analytics@3.8.1 (location: /Users/andy/Workspace/github/andycai/fun/.claude/worktrees/window-manager/UnityProject/Library/PackageCache/com.unity.analytics@3.8.1)
    com.unity.collab-proxy@2.7.1 (location: /Users/andy/Workspace/github/andycai/fun/.claude/worktrees/window-manager/UnityProject/Library/PackageCache/com.unity.collab-proxy@2.7.1)
    com.unity.ide.rider@3.0.36 (location: /Users/andy/Workspace/github/andycai/fun/.claude/worktrees/window-manager/UnityProject/Library/PackageCache/com.unity.ide.rider@3.0.36)
    com.unity.ide.visualstudio@2.0.22 (location: /Users/andy/Workspace/github/andycai/fun/.claude/worktrees/window-manager/UnityProject/Library/PackageCache/com.unity.ide.visualstudio@2.0.22)
    com.unity.ide.vscode@1.2.5 (location: /Users/andy/Workspace/github/andycai/fun/.claude/worktrees/window-manager/UnityProject/Library/PackageCache/com.unity.ide.vscode@1.2.5)
    com.unity.scriptablebuildpipeline@1.21.25 (location: /Users/andy/Workspace/github/andycai/fun/.claude/worktrees/window-manager/UnityProject/Library/PackageCache/com.unity.scriptablebuildpipeline@1.21.25)
    com.unity.test-framework@1.1.33 (location: /Users/andy/Workspace/github/andycai/fun/.claude/worktrees/window-manager/UnityProject/Library/PackageCache/com.unity.test-framework@1.1.33)
    com.unity.testtools.codecoverage@1.2.6 (location: /Users/andy/Workspace/github/andycai/fun/.claude/worktrees/window-manager/UnityProject/Library/PackageCache/com.unity.testtools.codecoverage@1.2.6)
    com.unity.textmeshpro@3.0.9 (location: /Users/andy/Workspace/github/andycai/fun/.claude/worktrees/window-manager/UnityProject/Library/PackageCache/com.unity.textmeshpro@3.0.9)
    com.unity.timeline@1.7.6 (location: /Users/andy/Workspace/github/andycai/fun/.claude/worktrees/window-manager/UnityProject/Library/PackageCache/com.unity.timeline@1.7.6)
    com.unity.xr.legacyinputhelpers@2.1.12 (location: /Users/andy/Workspace/github/andycai/fun/.claude/worktrees/window-manager/UnityProject/Library/PackageCache/com.unity.xr.legacyinputhelpers@2.1.12)
    com.unity.settings-manager@2.0.1 (location: /Users/andy/Workspace/github/andycai/fun/.claude/worktrees/window-manager/UnityProject/Library/PackageCache/com.unity.settings-manager@2.0.1)
    com.unity.ext.nunit@1.0.6 (location: /Users/andy/Workspace/github/andycai/fun/.claude/worktrees/window-manager/UnityProject/Library/PackageCache/com.unity.ext.nunit@1.0.6)
    com.unity.services.analytics@6.0.2 (location: /Users/andy/Workspace/github/andycai/fun/.claude/worktrees/window-manager/UnityProject/Library/PackageCache/com.unity.services.analytics@6.0.2)
    com.unity.services.core@1.14.0 (location: /Users/andy/Workspace/github/andycai/fun/.claude/worktrees/window-manager/UnityProject/Library/PackageCache/com.unity.services.core@1.14.0)
    com.unity.nuget.newtonsoft-json@3.2.1 (location: /Users/andy/Workspace/github/andycai/fun/.claude/worktrees/window-manager/UnityProject/Library/PackageCache/com.unity.nuget.newtonsoft-json@3.2.1)
  Built-in packages:
    com.unity.2d.sprite@1.0.0 (location: /Users/andy/Workspace/github/andycai/fun/.claude/worktrees/window-manager/UnityProject/Library/PackageCache/com.unity.2d.sprite@1.0.0)
    com.unity.2d.tilemap@1.0.0 (location: /Users/andy/Workspace/github/andycai/fun/.claude/worktrees/window-manager/UnityProject/Library/PackageCache/com.unity.2d.tilemap@1.0.0)
    com.unity.ugui@1.0.0 (location: /Users/andy/Workspace/github/andycai/fun/.claude/worktrees/window-manager/UnityProject/Library/PackageCache/com.unity.ugui@1.0.0)
    com.unity.modules.ai@1.0.0 (location: /Users/andy/Workspace/github/andycai/fun/.claude/worktrees/window-manager/UnityProject/Library/PackageCache/com.unity.modules.ai@1.0.0)
    com.unity.modules.androidjni@1.0.0 (location: /Users/andy/Workspace/github/andycai/fun/.claude/worktrees/window-manager/UnityProject/Library/PackageCache/com.unity.modules.androidjni@1.0.0)
    com.unity.modules.animation@1.0.0 (location: /Users/andy/Workspace/github/andycai/fun/.claude/worktrees/window-manager/UnityProject/Library/PackageCache/com.unity.modules.animation@1.0.0)
    com.unity.modules.assetbundle@1.0.0 (location: /Users/andy/Workspace/github/andycai/fun/.claude/worktrees/window-manager/UnityProject/Library/PackageCache/com.unity.modules.assetbundle@1.0.0)
    com.unity.modules.audio@1.0.0 (location: /Users/andy/Workspace/github/andycai/fun/.claude/worktrees/window-manager/UnityProject/Library/PackageCache/com.unity.modules.audio@1.0.0)
    com.unity.modules.cloth@1.0.0 (location: /Users/andy/Workspace/github/andycai/fun/.claude/worktrees/window-manager/UnityProject/Library/PackageCache/com.unity.modules.cloth@1.0.0)
    com.unity.modules.director@1.0.0 (location: /Users/andy/Workspace/github/andycai/fun/.claude/worktrees/window-manager/UnityProject/Library/PackageCache/com.unity.modules.director@1.0.0)
    com.unity.modules.imageconversion@1.0.0 (location: /Users/andy/Workspace/github/andycai/fun/.claude/worktrees/window-manager/UnityProject/Library/PackageCache/com.unity.modules.imageconversion@1.0.0)
    com.unity.modules.imgui@1.0.0 (location: /Users/andy/Workspace/github/andycai/fun/.claude/worktrees/window-manager/UnityProject/Library/PackageCache/com.unity.modules.imgui@1.0.0)
    com.unity.modules.jsonserialize@1.0.0 (location: /Users/andy/Workspace/github/andycai/fun/.claude/worktrees/window-manager/UnityProject/Library/PackageCache/com.unity.modules.jsonserialize@1.0.0)
    com.unity.modules.particlesystem@1.0.0 (location: /Users/andy/Workspace/github/andycai/fun/.claude/worktrees/window-manager/UnityProject/Library/PackageCache/com.unity.modules.particlesystem@1.0.0)
    com.unity.modules.physics@1.0.0 (location: /Users/andy/Workspace/github/andycai/fun/.claude/worktrees/window-manager/UnityProject/Library/PackageCache/com.unity.modules.physics@1.0.0)
    com.unity.modules.physics2d@1.0.0 (location: /Users/andy/Workspace/github/andycai/fun/.claude/worktrees/window-manager/UnityProject/Library/PackageCache/com.unity.modules.physics2d@1.0.0)
    com.unity.modules.screencapture@1.0.0 (location: /Users/andy/Workspace/github/andycai/fun/.claude/worktrees/window-manager/UnityProject/Library/PackageCache/com.unity.modules.screencapture@1.0.0)
    com.unity.modules.terrain@1.0.0 (location: /Users/andy/Workspace/github/andycai/fun/.claude/worktrees/window-manager/UnityProject/Library/PackageCache/com.unity.modules.terrain@1.0.0)
    com.unity.modules.terrainphysics@1.0.0 (location: /Users/andy/Workspace/github/andycai/fun/.claude/worktrees/window-manager/UnityProject/Library/PackageCache/com.unity.modules.terrainphysics@1.0.0)
    com.unity.modules.tilemap@1.0.0 (location: /Users/andy/Workspace/github/andycai/fun/.claude/worktrees/window-manager/UnityProject/Library/PackageCache/com.unity.modules.tilemap@1.0.0)
    com.unity.modules.ui@1.0.0 (location: /Users/andy/Workspace/github/andycai/fun/.claude/worktrees/window-manager/UnityProject/Library/PackageCache/com.unity.modules.ui@1.0.0)
    com.unity.modules.uielements@1.0.0 (location: /Users/andy/Workspace/github/andycai/fun/.claude/worktrees/window-manager/UnityProject/Library/PackageCache/com.unity.modules.uielements@1.0.0)
    com.unity.modules.umbra@1.0.0 (location: /Users/andy/Workspace/github/andycai/fun/.claude/worktrees/window-manager/UnityProject/Library/PackageCache/com.unity.modules.umbra@1.0.0)
    com.unity.modules.unityanalytics@1.0.0 (location: /Users/andy/Workspace/github/andycai/fun/.claude/worktrees/window-manager/UnityProject/Library/PackageCache/com.unity.modules.unityanalytics@1.0.0)
    com.unity.modules.unitywebrequest@1.0.0 (location: /Users/andy/Workspace/github/andycai/fun/.claude/worktrees/window-manager/UnityProject/Library/PackageCache/com.unity.modules.unitywebrequest@1.0.0)
    com.unity.modules.unitywebrequestassetbundle@1.0.0 (location: /Users/andy/Workspace/github/andycai/fun/.claude/worktrees/window-manager/UnityProject/Library/PackageCache/com.unity.modules.unitywebrequestassetbundle@1.0.0)
    com.unity.modules.unitywebrequestaudio@1.0.0 (location: /Users/andy/Workspace/github/andycai/fun/.claude/worktrees/window-manager/UnityProject/Library/PackageCache/com.unity.modules.unitywebrequestaudio@1.0.0)
    com.unity.modules.unitywebrequesttexture@1.0.0 (location: /Users/andy/Workspace/github/andycai/fun/.claude/worktrees/window-manager/UnityProject/Library/PackageCache/com.unity.modules.unitywebrequesttexture@1.0.0)
    com.unity.modules.unitywebrequestwww@1.0.0 (location: /Users/andy/Workspace/github/andycai/fun/.claude/worktrees/window-manager/UnityProject/Library/PackageCache/com.unity.modules.unitywebrequestwww@1.0.0)
    com.unity.modules.vehicles@1.0.0 (location: /Users/andy/Workspace/github/andycai/fun/.claude/worktrees/window-manager/UnityProject/Library/PackageCache/com.unity.modules.vehicles@1.0.0)
    com.unity.modules.video@1.0.0 (location: /Users/andy/Workspace/github/andycai/fun/.claude/worktrees/window-manager/UnityProject/Library/PackageCache/com.unity.modules.video@1.0.0)
    com.unity.modules.vr@1.0.0 (location: /Users/andy/Workspace/github/andycai/fun/.claude/worktrees/window-manager/UnityProject/Library/PackageCache/com.unity.modules.vr@1.0.0)
    com.unity.modules.wind@1.0.0 (location: /Users/andy/Workspace/github/andycai/fun/.claude/worktrees/window-manager/UnityProject/Library/PackageCache/com.unity.modules.wind@1.0.0)
    com.unity.modules.xr@1.0.0 (location: /Users/andy/Workspace/github/andycai/fun/.claude/worktrees/window-manager/UnityProject/Library/PackageCache/com.unity.modules.xr@1.0.0)
    com.unity.modules.subsystems@1.0.0 (location: /Users/andy/Workspace/github/andycai/fun/.claude/worktrees/window-manager/UnityProject/Library/PackageCache/com.unity.modules.subsystems@1.0.0)
  Embedded packages:
    jp.hadashikick.vcontainer@file:/Users/andy/Workspace/github/andycai/fun/.claude/worktrees/window-manager/UnityProject/Packages/jp.hadashikick.vcontainer (location: /Users/andy/Workspace/github/andycai/fun/.claude/worktrees/window-manager/UnityProject/Packages/jp.hadashikick.vcontainer)
    com.code-philosophy.hybridclr@file:/Users/andy/Workspace/github/andycai/fun/.claude/worktrees/window-manager/UnityProject/Packages/com.code-philosophy.hybridclr@8.9.0 (location: /Users/andy/Workspace/github/andycai/fun/.claude/worktrees/window-manager/UnityProject/Packages/com.code-philosophy.hybridclr@8.9.0)
    com.fairygui.unity@file:/Users/andy/Workspace/github/andycai/fun/.claude/worktrees/window-manager/UnityProject/Packages/com.fairygui.unity (location: /Users/andy/Workspace/github/andycai/fun/.claude/worktrees/window-manager/UnityProject/Packages/com.fairygui.unity)
  Git packages:
    com.code-philosophy.obfuz@https://github.com/focus-creative-games/obfuz.git (location: /Users/andy/Workspace/github/andycai/fun/.claude/worktrees/window-manager/UnityProject/Library/PackageCache/com.code-philosophy.obfuz@3615bbcce9)
    com.code-philosophy.obfuz4hybridclr@https://github.com/focus-creative-games/obfuz4hybridclr.git (location: /Users/andy/Workspace/github/andycai/fun/.claude/worktrees/window-manager/UnityProject/Library/PackageCache/com.code-philosophy.obfuz4hybridclr@c9214b2cf9)
    com.yasirkula.ingamedebugconsole@https://github.com/yasirkula/UnityIngameDebugConsole.git (location: /Users/andy/Workspace/github/andycai/fun/.claude/worktrees/window-manager/UnityProject/Library/PackageCache/com.yasirkula.ingamedebugconsole@ce0d235b50)
[Subsystems] No new subsystems found in resolved package list.
Package Manager log level set to [2]
[Package Manager] Done registering packages in 0.66 seconds
Refreshing native plugins compatible for Editor in 41.05 ms, found 3 plugins.
Preloading 0 native plugins for Editor in 0.00 ms.
Initialize engine version: 2022.3.60f1 (5f63fdee6d95)
[Subsystems] Discovering subsystems at path /Applications/Unity/Unity.app/Contents/Resources/UnitySubsystems
[Subsystems] Discovering subsystems at path /Users/andy/Workspace/github/andycai/fun/.claude/worktrees/window-manager/UnityProject/Assets
GfxDevice: creating device client; threaded=0; jobified=0
 preferred device: Apple M2 (high power)
Metal devices available: 1
0: Apple M2 (high power)
Using device Apple M2 (high power)
Initializing Metal device caps: Apple M2
[Licensing::Client] Successfully resolved entitlement details
Initialize mono
Mono path[0] = '/Applications/Unity/Unity.app/Contents/Managed'
Mono path[1] = '/Applications/Unity/Unity.app/Contents/MonoBleedingEdge/lib/mono/unityjit-macos'
Mono config path = '/Applications/Unity/Unity.app/Contents/MonoBleedingEdge/etc'
Using monoOptions --debugger-agent=transport=dt_socket,embedding=1,server=y,suspend=n,address=127.0.0.1:56542
Using cacheserver namespaces - metadata:defaultmetadata, artifacts:defaultartifacts
Using cacheserver namespaces - metadata:defaultmetadata, artifacts:defaultartifacts
ImportWorker Server TCP listen port: 0
Begin MonoManager ReloadAssembly
Registering precompiled unity dll's ...
Register platform support module: /Applications/Unity/Unity.app/Contents/PlaybackEngines/MacStandaloneSupport/UnityEditor.OSXStandalone.Extensions.dll
[Licensing::Client] Successfully resolved entitlement details
Register platform support module: /Applications/Unity/PlaybackEngines/AndroidPlayer/UnityEditor.Android.Extensions.dll
Registered in 0.012839 seconds.
- Loaded All Assemblies, in  0.247 seconds
Native extension for Android target not found
Android Extension - Scanning For ADB Devices 3304 ms
Native extension for OSXStandalone target not found
Mono: successfully reloaded assembly
- Finished resetting the current domain, in  3.482 seconds
Domain Reload Profiling: 3730ms
	BeginReloadAssembly (81ms)
		ExecutionOrderSort (0ms)
		DisableScriptedObjects (0ms)
		BackupInstance (0ms)
		ReleaseScriptingObjects (0ms)
		CreateAndSetChildDomain (1ms)
	RebuildCommonClasses (23ms)
	RebuildNativeTypeToScriptingClass (7ms)
	initialDomainReloadingComplete (43ms)
	LoadAllAssembliesAndSetupDomain (94ms)
		LoadAssemblies (82ms)
		RebuildTransferFunctionScriptingTraits (0ms)
		AnalyzeDomain (90ms)
			TypeCache.Refresh (89ms)
				TypeCache.ScanAssembly (78ms)
			ScanForSourceGeneratedMonoScriptInfo (0ms)
			ResolveRequiredComponents (1ms)
	FinalizeReload (3482ms)
		ReleaseScriptCaches (0ms)
		RebuildScriptCaches (0ms)
		SetupLoadedEditorAssemblies (3457ms)
			LogAssemblyErrors (0ms)
			InitializePlatformSupportModulesInManaged (3356ms)
			SetLoadedEditorAssemblies (7ms)
			RefreshPlugins (0ms)
			BeforeProcessingInitializeOnLoad (3ms)
			ProcessInitializeOnLoadAttributes (69ms)
			ProcessInitializeOnLoadMethodAttributes (21ms)
			AfterProcessingInitializeOnLoad (0ms)
			EditorAssembliesLoaded (0ms)
		ExecutionOrderSort2 (0ms)
		AwakeInstancesAfterBackupRestoration (0ms)
[Licensing::Client] Successfully resolved entitlement details
Application.AssetDatabase Initial Refresh Start
[ScriptCompilation] Requested script compilation because: Assetdatabase observed changes in script compilation related files
Assembly for Assembly Definition File 'Assets/Change/Editor/Change.Editor.asmdef' will not be compiled, because it has no scripts associated with it.
UnityEngine.StackTraceUtility:ExtractStackTrace () (at /Users/bokken/build/output/unity/unity/Runtime/Export/Scripting/StackTrace.cs:37)
UnityEngine.DebugLogHandler:LogFormat (UnityEngine.LogType,UnityEngine.Object,string,object[])
UnityEngine.Logger:LogFormat (UnityEngine.LogType,string,object[])
UnityEngine.Debug:LogWarningFormat (string,object[])
UnityEditor.Scripting.ScriptCompilation.EditorCompilation:WarnIfThereAreAssembliesWithoutAnyScripts (UnityEditor.Scripting.ScriptCompilation.ScriptAssemblySettings,UnityEditor.Scripting.ScriptCompilation.ScriptAssembly[]) (at /Users/bokken/build/output/unity/unity/Editor/Mono/Scripting/ScriptCompilation/EditorCompilation.cs:780)
UnityEditor.Scripting.ScriptCompilation.EditorCompilation:CompileScriptsWithSettings (UnityEditor.Scripting.ScriptCompilation.ScriptAssemblySettings) (at /Users/bokken/build/output/unity/unity/Editor/Mono/Scripting/ScriptCompilation/EditorCompilation.cs:833)
UnityEditor.Scripting.ScriptCompilation.EditorCompilation:CompileScripts (UnityEditor.Scripting.ScriptCompilation.EditorScriptCompilationOptions,UnityEditor.BuildTargetGroup,UnityEditor.BuildTarget,int,string[]) (at /Users/bokken/build/output/unity/unity/Editor/Mono/Scripting/ScriptCompilation/EditorCompilation.cs:716)
UnityEditor.Scripting.ScriptCompilation.EditorCompilationInterface/<>c__DisplayClass21_0:<CompileScripts>b__0 () (at /Users/bokken/build/output/unity/unity/Editor/Mono/Scripting/ScriptCompilation/EditorCompilationInterface.cs:184)
UnityEditor.Scripting.ScriptCompilation.EditorCompilationInterface:EmitExceptionAsError<UnityEditor.Scripting.ScriptCompilation.EditorCompilation/CompileStatus> (System.Func`1<UnityEditor.Scripting.ScriptCompilation.EditorCompilation/CompileStatus>,UnityEditor.Scripting.ScriptCompilation.EditorCompilation/CompileStatus) (at /Users/bokken/build/output/unity/unity/Editor/Mono/Scripting/ScriptCompilation/EditorCompilationInterface.cs:49)
UnityEditor.Scripting.ScriptCompilation.EditorCompilationInterface:CompileScripts (UnityEditor.Scripting.ScriptCompilation.EditorScriptCompilationOptions,UnityEditor.BuildTargetGroup,UnityEditor.BuildTarget,int,string[]) (at /Users/bokken/build/output/unity/unity/Editor/Mono/Scripting/ScriptCompilation/EditorCompilationInterface.cs:184)

(Filename: /Users/bokken/build/output/unity/unity/Editor/Mono/Scripting/ScriptCompilation/EditorCompilation.cs Line: 780)

[40m[32minfo[39m[22m[49m: Microsoft.Hosting.Lifetime[14]
      Now listening on: http://unix:/tmp/ilpp.sock-b4231f6adbdeae16abd5d3ae9d546bdc
[40m[32minfo[39m[22m[49m: Microsoft.Hosting.Lifetime[0]
      Application started. Press Ctrl+C to shut down.
[40m[32minfo[39m[22m[49m: Microsoft.Hosting.Lifetime[0]
      Hosting environment: Production
[40m[32minfo[39m[22m[49m: Microsoft.Hosting.Lifetime[0]
      Content root path: /Users/andy/Workspace/github/andycai/fun/.claude/worktrees/window-manager/UnityProject/
[40m[32minfo[39m[22m[49m: Microsoft.AspNetCore.Hosting.Diagnostics[1]
      Request starting HTTP/2 POST http://ilpp/UnityILPP.PostProcessing/Ping application/grpc -
[40m[32minfo[39m[22m[49m: Microsoft.AspNetCore.Routing.EndpointMiddleware[0]
      Executing endpoint 'gRPC - /UnityILPP.PostProcessing/Ping'
[40m[32minfo[39m[22m[49m: Microsoft.AspNetCore.Routing.EndpointMiddleware[1]
      Executed endpoint 'gRPC - /UnityILPP.PostProcessing/Ping'
[40m[32minfo[39m[22m[49m: Microsoft.AspNetCore.Hosting.Diagnostics[2]
      Request finished HTTP/2 POST http://ilpp/UnityILPP.PostProcessing/Ping application/grpc - - 200 - application/grpc 38.0895ms
Starting: /Applications/Unity/Unity.app/Contents/bee_backend --dont-print-to-structured-log --ipc --defer-dag-verification --dagfile="Library/Bee/200b0aEDbg.dag" --continue-on-failure --profile="Library/Bee/backend1.traceevents" ScriptAssemblies
WorkingDir: /Users/andy/Workspace/github/andycai/fun/.claude/worktrees/window-manager/UnityProject
DisplayProgressbar: Compiling Scripts
ExitCode: 4 Duration: 0s120ms
Rebuilding DAG because FileSignature timestamp changed: Library/Bee/200b0aEDbg-inputdata.json
*** Tundra requires additional run (0.09 seconds), 0 items updated, 547 evaluated
Starting: /Applications/Unity/Unity.app/Contents/Tools/netcorerun/netcorerun "/Applications/Unity/Unity.app/Contents/Tools/BuildPipeline/ScriptCompilationBuildProgram.exe" "Library/Bee/200b0aEDbg.dag.json" "Library/Bee/200b0aEDbg-inputdata.json" "Library/Bee/buildprogram0.traceevents"
WorkingDir: /Users/andy/Workspace/github/andycai/fun/.claude/worktrees/window-manager/UnityProject
ExitCode: 0 Duration: 0s471ms
Starting: /Applications/Unity/Unity.app/Contents/bee_backend --dont-print-to-structured-log --ipc --defer-dag-verification --dagfile="Library/Bee/200b0aEDbg.dag" --continue-on-failure --dagfilejson="Library/Bee/200b0aEDbg.dag.json" --profile="Library/Bee/backend2.traceevents" ScriptAssemblies
WorkingDir: /Users/andy/Workspace/github/andycai/fun/.claude/worktrees/window-manager/UnityProject
ExitCode: 0 Duration: 2s638ms
Finished compiling graph: 780 nodes, 11148 flattened edges (9934 ToBuild, 158 ToUse), maximum node priority 557
[302/777    0s] WriteText Library/Bee/artifacts/200b0aEDbg.dag/Change.Runtime.rsp
[414/777    0s] WriteText Library/Bee/artifacts/200b0aEDbg.dag/Change.Runtime.EditModeTests.rsp
[759/777    1s] Csc Library/Bee/artifacts/200b0aEDbg.dag/Change.Runtime.dll (+2 others)
Assets/Change/Runtime/ContentStreaming/ContentDownloadOrchestrator.cs(133,30): warning CS1998: This async method lacks 'await' operators and will run synchronously. Consider using the 'await' operator to await non-blocking API calls, or 'await Task.Run(...)' to do CPU-bound work on a background thread.
[760/777    0s] CopyFiles Library/ScriptAssemblies/Change.Runtime.dll
[761/777    0s] CopyFiles Library/ScriptAssemblies/Change.Runtime.pdb
[762/777    0s] Csc Library/Bee/artifacts/200b0aEDbg.dag/GameScript.dll (+2 others)
[766/777    0s] CopyFiles Library/ScriptAssemblies/GameScript.dll
[767/777    0s] CopyFiles Library/ScriptAssemblies/GameScript.pdb
[768/777    0s] Csc Library/Bee/artifacts/200b0aEDbg.dag/Assembly-CSharp.dll (+2 others)
[769/777    0s] CopyFiles Library/ScriptAssemblies/Assembly-CSharp.dll
[770/777    0s] CopyFiles Library/ScriptAssemblies/Assembly-CSharp.pdb
[771/777    0s] Csc Library/Bee/artifacts/200b0aEDbg.dag/Change.Runtime.EditModeTests.dll (+2 others)
[772/777    0s] CopyFiles Library/ScriptAssemblies/Change.Runtime.EditModeTests.pdb
[773/777    0s] CopyFiles Library/ScriptAssemblies/Change.Runtime.EditModeTests.dll
[774/777    0s] Csc Library/Bee/artifacts/200b0aEDbg.dag/Change.Runtime.PlayModeTests.dll (+2 others)
[775/777    0s] CopyFiles Library/ScriptAssemblies/Change.Runtime.PlayModeTests.pdb
[776/777    0s] CopyFiles Library/ScriptAssemblies/Change.Runtime.PlayModeTests.dll
*** Tundra build success (2.62 seconds), 17 items updated, 777 evaluated
Assets/Change/Runtime/ContentStreaming/ContentDownloadOrchestrator.cs(133,30): warning CS1998: This async method lacks 'await' operators and will run synchronously. Consider using the 'await' operator to await non-blocking API calls, or 'await Task.Run(...)' to do CPU-bound work on a background thread.
Total cache size 17218296
Total cache size after purge 17218296
AssetDatabase: script compilation time: 3.827406s
Begin MonoManager ReloadAssembly
Symbol file LoadedFromMemory is not a mono symbol file
- Loaded All Assemblies, in  0.423 seconds
Refreshing native plugins compatible for Editor in 6.73 ms, found 3 plugins.
Preloading 0 native plugins for Editor in 0.00 ms.
Start importing Assets/Change/Runtime/Tests/EditMode/UI/WindowLayerSortingOrderManagerTests.cs using Guid(052f356e80b4411d9bf284041d67d6c1) Importer(-1,00000000000000000000000000000000) [PhysX] Initialized MultithreadedTaskDispatcher with 8 workers.
 -> (artifact id: '5032f6c4b2655593dcb0998dd9f4d088') in 0.011168 seconds
Start importing Assets/Change/Runtime/UI/FairyGui/WindowLayerSortingOrderManager.cs using Guid(bba3f24bb9b347e886ba1e84acf0ab86) Importer(-1,00000000000000000000000000000000) [PhysX] Initialized MultithreadedTaskDispatcher with 8 workers.
 -> (artifact id: 'e441d010edc6942fe6d96dc116e6e3cf') in 0.000761 seconds
Refreshing native plugins compatible for Editor in 2.33 ms, found 3 plugins.
Native extension for Android target not found
Native extension for OSXStandalone target not found
Fallback handler could not load library /Applications/Unity/Unity.app/Contents/Frameworks/MonoBleedingEdge/lib/pthread
Mono: successfully reloaded assembly
- Finished resetting the current domain, in  0.343 seconds
Domain Reload Profiling: 766ms
	BeginReloadAssembly (80ms)
		ExecutionOrderSort (0ms)
		DisableScriptedObjects (3ms)
		BackupInstance (0ms)
		ReleaseScriptingObjects (0ms)
		CreateAndSetChildDomain (13ms)
	RebuildCommonClasses (17ms)
	RebuildNativeTypeToScriptingClass (7ms)
	initialDomainReloadingComplete (13ms)
	LoadAllAssembliesAndSetupDomain (306ms)
		LoadAssemblies (224ms)
		RebuildTransferFunctionScriptingTraits (0ms)
		AnalyzeDomain (124ms)
			TypeCache.Refresh (109ms)
				TypeCache.ScanAssembly (95ms)
			ScanForSourceGeneratedMonoScriptInfo (11ms)
			ResolveRequiredComponents (3ms)
	FinalizeReload (343ms)
		ReleaseScriptCaches (0ms)
		RebuildScriptCaches (0ms)
		SetupLoadedEditorAssemblies (268ms)
			LogAssemblyErrors (0ms)
			InitializePlatformSupportModulesInManaged (7ms)
			SetLoadedEditorAssemblies (2ms)
			RefreshPlugins (0ms)
			BeforeProcessingInitializeOnLoad (37ms)
			ProcessInitializeOnLoadAttributes (196ms)
			ProcessInitializeOnLoadMethodAttributes (25ms)
			AfterProcessingInitializeOnLoad (1ms)
			EditorAssembliesLoaded (0ms)
		ExecutionOrderSort2 (0ms)
		AwakeInstancesAfterBackupRestoration (1ms)
Script 'Library/PackageCache/com.unity.analytics@3.8.1/Tests/Runtime/Unity.Analytics.DataPrivacy.Tests.asmdef' will not be compiled because it exists outside the Assets folder and does not to belong to any assembly definition file.
Script 'Library/PackageCache/com.unity.scriptablebuildpipeline@1.21.25/Tests/TestAssets/ScriptableBuildPipelineTests.asmdef' will not be compiled because it exists outside the Assets folder and does not to belong to any assembly definition file.
Script 'Library/PackageCache/com.unity.ai.navigation@1.1.6/Tests/Runtime/Unity.AI.Navigation.Tests.asmdef' will not be compiled because it exists outside the Assets folder and does not to belong to any assembly definition file.
Script 'Library/PackageCache/com.unity.timeline@1.7.6/DocCodeExamples/DocCodeExamples.asmdef' will not be compiled because it exists outside the Assets folder and does not to belong to any assembly definition file.
Script 'Library/PackageCache/com.unity.ads@4.4.2/Tests/Runtime/Advertisement/UnityEngine.Advertisements.Tests.asmdef' will not be compiled because it exists outside the Assets folder and does not to belong to any assembly definition file.
Script 'Library/PackageCache/com.unity.ugui@1.0.0/Tests/Runtime/UnityEngine.UI.Tests.asmdef' will not be compiled because it exists outside the Assets folder and does not to belong to any assembly definition file.
Script 'Library/PackageCache/com.unity.textmeshpro@3.0.9/Tests/Runtime/Unity.TextMeshPro.Tests.asmdef' will not be compiled because it exists outside the Assets folder and does not to belong to any assembly definition file.
Script 'Library/PackageCache/com.unity.scriptablebuildpipeline@1.21.25/Tests/Unity.ScriptableBuildPipeline.Tests.asmdef' will not be compiled because it exists outside the Assets folder and does not to belong to any assembly definition file.
Script 'Library/PackageCache/com.unity.xr.legacyinputhelpers@2.1.12/Tests/Runtime/TrackedPoseDriver/UnityEngine.SpatialTracking.Tests.asmdef' will not be compiled because it exists outside the Assets folder and does not to belong to any assembly definition file.
Refreshing native plugins compatible for Editor in 2.13 ms, found 3 plugins.
Preloading 0 native plugins for Editor in 0.00 ms.
Asset Pipeline Refresh (id=c5bf3c197f933482c93623c11cfc2c44): Total: 6.263 seconds - Initiated by InitialRefreshV2(ForceSynchronousImport)
	Summary:
		Imports: total=2 (actual=2, local cache=0, cache server=0)
		Asset DB Process Time: managed=1 ms, native=1306 ms
		Asset DB Callback time: managed=273 ms, native=5 ms
		Scripting: domain reloads=1, domain reload time=811 ms, compile time=3828 ms, other=34 ms
		Project Asset Count: scripts=4856, non-scripts=940
		Asset File Changes: new=2, changed=2, moved=0, deleted=0
		Scan Filter Count: 1
	InvokeBeforeRefreshCallbacks: 0.298ms
	ApplyChangesToAssetFolders: 0.056ms
	Scan: 333.959ms
	OnSourceAssetsModified: 1.273ms
	GetAllGuidsForCategorization: 0.300ms
	CategorizeAssets: 75.907ms
	ImportOutOfDateAssets: 388.811ms (-3474.479ms without children)
		ImportManagerImport: 16.615ms (3.322ms without children)
			ImportInProcess: 13.277ms
			UpdateCategorizedAssets: 0.017ms
		CompileScripts: 3828.157ms
		ReloadNativeAssets: 0.000ms
		UnloadImportedAssets: 15.660ms
		ReloadImportedAssets: 0.000ms
		EnsureUptoDateAssetsAreRegisteredWithGuidPM: 1.311ms
		InitializingProgressBar: 0.000ms
		PostProcessAllAssetNotificationsAddChangedAssets: 0.000ms
		OnDemandSchedulerStart: 1.546ms
	PostProcessAllAssets: 274.812ms
	Hotreload: 3.460ms
	GatherAllCurrentPrimaryArtifactRevisions: 0.000ms
	UnloadStreamsBegin: 0.275ms
	PersistCurrentRevisions: 0.200ms
	UnloadStreamsEnd: 0.018ms
	GenerateScriptTypeHashes: 1.256ms
	Untracked: 5183.489ms
Application.AssetDatabase Initial Refresh End
Launching external process: /Applications/Unity/Unity.app/Contents/Tools/UnityShaderCompiler
Launched and connected shader compiler UnityShaderCompiler after 0.07 seconds
Scanning for USB devices : 0.340ms
Initializing Unity extensions:
Script 'Library/PackageCache/com.unity.analytics@3.8.1/Tests/Runtime/Unity.Analytics.DataPrivacy.Tests.asmdef' will not be compiled because it exists outside the Assets folder and does not to belong to any assembly definition file.
Script 'Library/PackageCache/com.unity.scriptablebuildpipeline@1.21.25/Tests/TestAssets/ScriptableBuildPipelineTests.asmdef' will not be compiled because it exists outside the Assets folder and does not to belong to any assembly definition file.
Script 'Library/PackageCache/com.unity.ai.navigation@1.1.6/Tests/Runtime/Unity.AI.Navigation.Tests.asmdef' will not be compiled because it exists outside the Assets folder and does not to belong to any assembly definition file.
Script 'Library/PackageCache/com.unity.timeline@1.7.6/DocCodeExamples/DocCodeExamples.asmdef' will not be compiled because it exists outside the Assets folder and does not to belong to any assembly definition file.
Script 'Library/PackageCache/com.unity.ads@4.4.2/Tests/Runtime/Advertisement/UnityEngine.Advertisements.Tests.asmdef' will not be compiled because it exists outside the Assets folder and does not to belong to any assembly definition file.
Script 'Library/PackageCache/com.unity.ugui@1.0.0/Tests/Runtime/UnityEngine.UI.Tests.asmdef' will not be compiled because it exists outside the Assets folder and does not to belong to any assembly definition file.
Script 'Library/PackageCache/com.unity.textmeshpro@3.0.9/Tests/Runtime/Unity.TextMeshPro.Tests.asmdef' will not be compiled because it exists outside the Assets folder and does not to belong to any assembly definition file.
Script 'Library/PackageCache/com.unity.scriptablebuildpipeline@1.21.25/Tests/Unity.ScriptableBuildPipeline.Tests.asmdef' will not be compiled because it exists outside the Assets folder and does not to belong to any assembly definition file.
Script 'Library/PackageCache/com.unity.xr.legacyinputhelpers@2.1.12/Tests/Runtime/TrackedPoseDriver/UnityEngine.SpatialTracking.Tests.asmdef' will not be compiled because it exists outside the Assets folder and does not to belong to any assembly definition file.
[MODES] ModeService[none].Initialize
[MODES] ModeService[none].LoadModes
[MODES] Loading mode Default (0) for mode-current-id-UnityProject
2026-06-24 10:21:27.915 Unity[29542:53973086] NSEventModifierFlagFunction specified to -setKeyEquivalentModifierMask: for item <NSMenuItem: 0xc0a6cb5c0 Font Asset, ke='Command-F12'>, but is only supported for system-provided menu items; will not be used
[PhysX] Initialized MultithreadedTaskDispatcher with 8 workers.
ProgressiveSceneManager::Cancel()
-- Listing OpenCL platforms(s) --
 * OpenCL platform 0
	PROFILE = FULL_PROFILE
	VERSION = OpenCL 1.2 (Apr 18 2026 19:20:04)
	NAME = Apple
	VENDOR = Apple
-- Listing OpenCL device(s) --
 * OpenCL platform 0, device 0 
	DEVICE_TYPE = 4
	DEVICE_NAME = Apple M2
	DEVICE_VENDOR = Apple
	DEVICE_VERSION = OpenCL 1.2 
	DRIVER_VERSION = 1.2 1.0
	DEVICE_MAX_COMPUTE_UNITS = 10
	DEVICE_MAX_CLOCK_FREQUENCY = 1000
	CL_DEVICE_MAX_CONSTANT_BUFFER_SIZE = 1073741824
	CL_DEVICE_HOST_UNIFIED_MEMORY = true
	CL_DEVICE_MAX_MEM_ALLOC_SIZE = 2383708160
	DEVICE_GLOBAL_MEM_SIZE = 12713115648
-- GPU Progressive lightmapper will use OpenCL device 'Apple M2' from 'Apple'--
   use -OpenCL-PlatformAndDeviceIndices <platformIdx> <deviceIdx> as command line arguments if you want to select a specific adapter for OpenCL.
Unloading 4 Unused Serialized files (Serialized files now loaded: 0)
Unloading 90 unused Assets / (399.1 KB). Loaded Objects now: 4338.
Memory consumption went from 131.4 MB to 131.0 MB.
Total: 3.590292 ms (FindLiveObjects: 0.128375 ms CreateObjectMapping: 0.057292 ms MarkObjects: 3.217750 ms  DeleteObjects: 0.186458 ms)

2026-06-24 10:21:27.969 Unity[29542:53973086] NSEventModifierFlagFunction specified to -setKeyEquivalentModifierMask: for item <NSMenuItem: 0xc0a6c7980 Font Asset, ke='Command-F12'>, but is only supported for system-provided menu items; will not be used
[Project] Loading completed in 16.686 seconds
	Project init time: 				13.876 seconds
		Template init time: 		0.000 seconds
		Package Manager init time: 		0.410 seconds
		Asset Database init time: 		0.762 seconds
		Global illumination init time: 	0.003 seconds
		Assemblies load time: 			3.737 seconds
		Unity extensions init time: 	0.003 seconds
		Asset Database refresh time: 	0.000 seconds
	Scene opening time: 			0.104 seconds
##utp:{"type":"ProjectInfo","version":2,"phase":"Immediate","time":1782267687972,"processId":29542,"projectLoad":16.686050125,"projectInit":13.876452,"templateInit":0.0,"packageManagerInit":0.410134833,"assetDatabaseInit":0.762040291,"globalIlluminationInit":0.002888542,"assembliesLoad":3.736521292,"unityExtensionsInit":0.003148459,"assetDatabaseRefresh":0.0,"sceneOpening":0.104192625}
##utp:{"type":"EditorInfo","version":2,"phase":"Immediate","time":1782267687972,"processId":29542,"editorVersion":"2022.3.60f1 (5f63fdee6d95)","branch":"2022.3/staging","buildType":"Release","platform":"OSX"}
Subscribe to USB device events
Scanning for USB devices : 0.321ms
Android Extension - Scanning For ADB Devices 86 ms
Running tests for EditMode
With test filter: Change.Runtime.UI.Tests.WindowLayerSortingOrderManagerTests
Executing tests with settings: test mode = EditMode
UnityEngine.StackTraceUtility:ExtractStackTrace () (at /Users/bokken/build/output/unity/unity/Runtime/Export/Scripting/StackTrace.cs:37)
UnityEngine.DebugLogHandler:LogFormat (UnityEngine.LogType,UnityEngine.Object,string,object[])
UnityEngine.Logger:Log (UnityEngine.LogType,object)
UnityEngine.Debug:Log (object)
UnityEditor.TestTools.TestRunner.CommandLineTest.Executer:InitializeAndExecuteRun (string[]) (at ./Library/PackageCache/com.unity.test-framework@1.1.33/UnityEditor.TestRunner/CommandLineTest/Executer.cs:47)
UnityEditor.TestTools.TestRunner.CommandLineTest.TestStarter:UpdateWatch () (at ./Library/PackageCache/com.unity.test-framework@1.1.33/UnityEditor.TestRunner/CommandLineTest/TestStarter.cs:50)
UnityEditor.EditorApplication:Internal_CallUpdateFunctions () (at /Users/bokken/build/output/unity/unity/Editor/Mono/EditorApplication.cs:380)

(Filename: ./Library/PackageCache/com.unity.test-framework@1.1.33/UnityEditor.TestRunner/CommandLineTest/Executer.cs Line: 47)

[UnityConnectServicesConfig] config is NOT valid, switching to default
Created GICache directory at /Users/andy/Library/Caches/com.unity3d.UnityEditor/GiCache. Took: 0.002s, timestamps: [16.785 - 16.787]
gi::BakeBackendSwitch: switching bake backend from 3 to 2.
[00:00:00] Builtin Sky manager started.
[00:00:00] Finished 1 Bake Ambient Probe job (0.00s execute, 0.00s integrate, 0.22s wallclock)
[00:00:00] Finished 1 Bake Ambient Probe job (0.00s execute, 0.00s integrate, 0.05s wallclock)
[PhysX] Initialized MultithreadedTaskDispatcher with 8 workers.
Unloading 2 Unused Serialized files (Serialized files now loaded: 0)
Unloading 1 unused Assets / (0.5 KB). Loaded Objects now: 4362.
Memory consumption went from 127.2 MB to 127.2 MB.
Total: 4.827375 ms (FindLiveObjects: 0.098375 ms CreateObjectMapping: 0.051875 ms MarkObjects: 4.654208 ms  DeleteObjects: 0.022417 ms)

[PhysX] Initialized MultithreadedTaskDispatcher with 8 workers.
Unloading 0 Unused Serialized files (Serialized files now loaded: 0)
Unloading 0 unused Assets / (0 B). Loaded Objects now: 4367.
Memory consumption went from 127.3 MB to 127.3 MB.
Total: 4.276750 ms (FindLiveObjects: 0.092792 ms CreateObjectMapping: 0.054667 ms MarkObjects: 4.124625 ms  DeleteObjects: 0.004375 ms)

Saving results to: /Users/andy/Workspace/github/andycai/fun/.claude/worktrees/window-manager/UnityProject/TestResults-639178932889601710.xml
An error occurred while processing request "https://public-cdn.cloud.unity3d.com/config/production", HTTP error code 307
.[UnityConnect] An error occurred.
Killing ADB server in 0.037661 seconds.
Thread 0x1703b7000 may have been prematurely finalized
[PhysX] Initialized MultithreadedTaskDispatcher with 8 workers.
Input System module state changed to: ShutdownInProgress.
Input System polling thread exited.
Input System module state changed to: Shutdown.
[Licensing::IpcConnector] LicenseClient-andy-notifications channel disconnected successfully.
[Licensing::IpcConnector] LicenseClient-andy channel disconnected successfully.
Thread 0x170817000 may have been prematurely finalized
[40m[32minfo[39m[22m[49m: Microsoft.Hosting.Lifetime[0]
      Application is shutting down...
Cleanup mono
10:21:29.383 |V| RiderPlugin                    | :1                             | AppDomain.CurrentDomain.DomainUnload lifetimeDefinition.Terminate
debugger-agent: Unable to listen on 50
[Performance] Application.InitializeProject                                                                                  :        1 samples, Peak.  13.9 s (1.0x), Avg.  13.9 s, Total. 13.88 s (76.5%)
[Performance] Application.PackageManager.StartServer                                                                         :        1 samples, Peak.  17.0 ms (1.0x), Avg.  17.0 ms, Total. 16.99 ms (0.1%)
[Performance] Application.AcquireProjectLock                                                                                 :        1 samples, Peak.  1.94 s (1.0x), Avg.  1.94 s, Total. 1.944 s (10.7%)
[Performance] Application.InitializeEngineNoGraphics                                                                         :        1 samples, Peak.  60.7 ms (1.0x), Avg.  60.7 ms, Total. 60.70 ms (0.3%)
[Performance] Application.PackageManager.Initialize                                                                          :        1 samples, Peak.   410 ms (1.0x), Avg.   410 ms, Total. 410.1 ms (2.3%)
[Performance] Connecting to Package Manager                                                                                  :       42 samples, Peak.  44.8 us (35.3x), Avg.  1.27 us, Total. 53.42 us (0.0%)
[Performance] Application.EngineGraphics.Initialize                                                                          :        1 samples, Peak.  36.8 ms (1.0x), Avg.  36.8 ms, Total. 36.84 ms (0.2%)
[Performance] Application.GI.Initialize                                                                                      :        1 samples, Peak.  3.03 ms (1.0x), Avg.  3.03 ms, Total. 3.033 ms (0.0%)
[Performance] Application.LoadAllDefaultResourcesFromEditor                                                                  :        1 samples, Peak.  1.13 ms (1.0x), Avg.  1.13 ms, Total. 1.128 ms (0.0%)
[Performance] Application.LoadMonoAssemblies                                                                                 :        1 samples, Peak.  3.74 s (1.0x), Avg.  3.74 s, Total. 3.737 s (20.6%)
[Performance] RestoreManagedReferences                                                                                       :        2 samples, Peak.  35.0 ms (2.0x), Avg.  17.5 ms, Total. 34.98 ms (0.2%)
[Performance] InitializeOnLoad PlayModeDownload                                                                              :        2 samples, Peak.  4.50 ms (1.8x), Avg.  2.48 ms, Total. 4.955 ms (0.0%)
[Performance] InitializeOnLoad DrivenRectTransformUndo                                                                       :        2 samples, Peak.   243 us (1.3x), Avg.   195 us, Total. 389.2 us (0.0%)
[Performance] InitializeOnLoad NativeFormatImporterUtility                                                                   :        2 samples, Peak.  1.98 ms (1.4x), Avg.  1.39 ms, Total. 2.778 ms (0.0%)
[Performance] InitializeOnLoad UnityConnect                                                                                  :        2 samples, Peak.  69.2 us (1.4x), Avg.  50.3 us, Total. 100.6 us (0.0%)
[Performance] InitializeOnLoad CloudBuild                                                                                    :        2 samples, Peak.  4.83 us (1.2x), Avg.  3.87 us, Total. 7.750 us (0.0%)
[Performance] InitializeOnLoad SettingsService                                                                               :        2 samples, Peak.  7.75 us (1.2x), Avg.  6.71 us, Total. 13.42 us (0.0%)
[Performance] InitializeOnLoad MixerEffectDefinitionReloader                                                                 :        2 samples, Peak.  2.41 ms (1.5x), Avg.  1.61 ms, Total. 3.219 ms (0.0%)
[Performance] InitializeOnLoad ProjectSearch                                                                                 :        2 samples, Peak.   101 us (1.2x), Avg.  84.5 us, Total. 169.0 us (0.0%)
[Performance] InitializeOnLoad ManagedDebugger                                                                               :        2 samples, Peak.   506 us (1.2x), Avg.   409 us, Total. 818.0 us (0.0%)
[Performance] InitializeOnLoad WindowLayout                                                                                  :        2 samples, Peak.   257 us (1.4x), Avg.   189 us, Total. 377.5 us (0.0%)
[Performance] InitializeOnLoad AssetStoreContext                                                                             :        2 samples, Peak.  10.3 ms (1.6x), Avg.  6.28 ms, Total. 12.56 ms (0.1%)
[Performance] InitializeOnLoad ObjectSelectorSearch                                                                          :        2 samples, Peak.  36.7 us (1.0x), Avg.  36.2 us, Total. 72.46 us (0.0%)
[Performance] InitializeOnLoad AddComponentWindow                                                                            :        2 samples, Peak.   116 us (1.2x), Avg.  94.0 us, Total. 188.0 us (0.0%)
[Performance] InitializeOnLoad SceneSearch                                                                                   :        2 samples, Peak.  61.1 us (1.4x), Avg.  44.1 us, Total. 88.17 us (0.0%)
[Performance] InitializeOnLoad EditMode                                                                                      :        2 samples, Peak.   361 us (1.3x), Avg.   271 us, Total. 542.1 us (0.0%)
[Performance] InitializeOnLoad ShortcutIntegration                                                                           :        2 samples, Peak.  57.4 us (1.3x), Avg.  43.0 us, Total. 86.08 us (0.0%)
[Performance] InitializeOnLoad PoolManager                                                                                   :        2 samples, Peak.  59.3 us (1.2x), Avg.  49.0 us, Total. 98.04 us (0.0%)
[Performance] InitializeOnLoad ManagedDebuggerWindow                                                                         :        2 samples, Peak.   113 us (1.3x), Avg.  88.7 us, Total. 177.3 us (0.0%)
[Performance] InitializeOnLoad SearchService                                                                                 :        2 samples, Peak.  1.08 ms (1.9x), Avg.   568 us, Total. 1.135 ms (0.0%)
[Performance] InitializeOnLoad CacheServerWindow                                                                             :        2 samples, Peak.  8.67 us (1.2x), Avg.  7.31 us, Total. 14.63 us (0.0%)
[Performance] InitializeOnLoad MenuItems                                                                                     :        2 samples, Peak.  84.9 us (1.4x), Avg.  61.6 us, Total. 123.2 us (0.0%)
[Performance] InitializeOnLoad UISystemProfilerRenderService                                                                 :        2 samples, Peak.  8.50 us (1.3x), Avg.  6.46 us, Total. 12.92 us (0.0%)
[Performance] InitializeOnLoad PrefabInstanceChangedListener                                                                 :        2 samples, Peak.   117 us (1.2x), Avg.  95.3 us, Total. 190.6 us (0.0%)
[Performance] InitializeOnLoad EditorMonitor                                                                                 :        2 samples, Peak.   442 us (1.1x), Avg.   410 us, Total. 819.2 us (0.0%)
[Performance] InitializeOnLoad RetainedMode                                                                                  :        2 samples, Peak.  1.87 ms (1.2x), Avg.  1.52 ms, Total. 3.038 ms (0.0%)
[Performance] InitializeOnLoad EditorShaderLoader                                                                            :        2 samples, Peak.   837 us (1.4x), Avg.   580 us, Total. 1.160 ms (0.0%)
[Performance] InitializeOnLoad EditorDelegateRegistration                                                                    :        2 samples, Peak.   450 us (1.2x), Avg.   374 us, Total. 747.3 us (0.0%)
[Performance] InitializeOnLoad UIDocumentHierarchyWatcher                                                                    :        2 samples, Peak.  55.7 us (1.2x), Avg.  45.7 us, Total. 91.42 us (0.0%)
[Performance] InitializeOnLoad LiveReloadTrackerCreator                                                                      :        2 samples, Peak.   133 us (1.1x), Avg.   123 us, Total. 246.6 us (0.0%)
[Performance] InitializeOnLoad UxmlObjectEditorFactories                                                                     :        2 samples, Peak.   343 us (1.0x), Avg.   334 us, Total. 668.5 us (0.0%)
[Performance] InitializeOnLoad UXMLEditorFactories                                                                           :        2 samples, Peak.  29.7 ms (1.0x), Avg.  29.2 ms, Total. 58.32 ms (0.3%)
[Performance] InitializeOnLoad PurchasingService                                                                             :        2 samples, Peak.  4.14 ms (1.1x), Avg.  3.64 ms, Total. 7.289 ms (0.0%)
[Performance] InitializeOnLoad CloudBuildPoller                                                                              :        2 samples, Peak.  62.5 us (1.0x), Avg.  61.4 us, Total. 122.7 us (0.0%)
[Performance] InitializeOnLoad EditorGameServicesAnalytics                                                                   :        2 samples, Peak.   799 us (1.3x), Avg.   617 us, Total. 1.234 ms (0.0%)
[Performance] InitializeOnLoad AnalyticsService                                                                              :        2 samples, Peak.   526 us (1.0x), Avg.   510 us, Total. 1.021 ms (0.0%)
[Performance] InitializeOnLoad BuildService                                                                                  :        2 samples, Peak.  86.4 us (1.0x), Avg.  84.9 us, Total. 169.8 us (0.0%)
[Performance] InitializeOnLoad AdsService                                                                                    :        2 samples, Peak.   257 us (1.0x), Avg.   249 us, Total. 498.1 us (0.0%)
[Performance] InitializeOnLoad UDPService                                                                                    :        2 samples, Peak.  81.0 us (1.0x), Avg.  78.8 us, Total. 157.5 us (0.0%)
[Performance] InitializeOnLoad CrashService                                                                                  :        2 samples, Peak.  90.8 us (1.1x), Avg.  83.2 us, Total. 166.4 us (0.0%)
[Performance] InitializeOnLoad ServicesRepository                                                                            :        2 samples, Peak.  1.08 us (1.6x), Avg.   667 ns, Total. 1.333 us (0.0%)
[Performance] InitializeOnLoad SearchWindow                                                                                  :        2 samples, Peak.  74.2 us (1.1x), Avg.  68.4 us, Total. 136.9 us (0.0%)
[Performance] InitializeOnLoad CustomIndexers                                                                                :        2 samples, Peak.  8.04 ms (1.0x), Avg.  7.72 ms, Total. 15.43 ms (0.1%)
[Performance] InitializeOnLoad SearchMonitor                                                                                 :        2 samples, Peak.   753 us (1.4x), Avg.   537 us, Total. 1.073 ms (0.0%)
[Performance] InitializeOnLoad ParameterControllerEditor                                                                     :        2 samples, Peak.  16.8 us (1.3x), Avg.  12.8 us, Total. 25.58 us (0.0%)
[Performance] InitializeOnLoad LayerSettingsWindow                                                                           :        2 samples, Peak.  15.6 us (1.7x), Avg.  8.94 us, Total. 17.87 us (0.0%)
[Performance] InitializeOnLoad PackageManagerHookGUIDConverter.RegisterPackagesEventHandler                                  :        2 samples, Peak.   362 us (1.9x), Avg.   194 us, Total. 388.8 us (0.0%)
[Performance] InitializeOnLoad EditorDragAndDrop.RegisterEditorClient                                                        :        2 samples, Peak.   134 us (1.2x), Avg.   114 us, Total. 228.2 us (0.0%)
[Performance] InitializeOnLoad EditorEventCallbacks.InitializeFontAssetResourceChangeCallBacks                               :        2 samples, Peak.   533 us (1.1x), Avg.   490 us, Total. 980.5 us (0.0%)
[Performance] InitializeOnLoad SceneTemplateService.Init                                                                     :        2 samples, Peak.   593 us (1.0x), Avg.   591 us, Total. 1.183 ms (0.0%)
[Performance] InitializeOnLoad DiagnosticSwitchesConsoleMessage.Init                                                         :        2 samples, Peak.  1.68 ms (1.6x), Avg.  1.03 ms, Total. 2.058 ms (0.0%)
[Performance] InitializeOnLoad MemoryProfilerCompilationGuard.InjectCompileGuard                                             :        2 samples, Peak.  80.9 us (1.0x), Avg.  78.9 us, Total. 157.7 us (0.0%)
[Performance] InitializeOnLoad SceneVisibilityManager.Initialize                                                             :        2 samples, Peak.  1.54 ms (1.6x), Avg.   961 us, Total. 1.922 ms (0.0%)
[Performance] InitializeOnLoad AssetPostprocessingInternal.RefreshCustomDependencies                                         :        2 samples, Peak.  1.73 ms (1.5x), Avg.  1.18 ms, Total. 2.361 ms (0.0%)
[Performance] InitializeOnLoad SysrootManager.Initialize                                                                     :        2 samples, Peak.   208 us (1.1x), Avg.   196 us, Total. 392.0 us (0.0%)
[Performance] InitializeOnLoad ScopedRegistryAddedPopup.SubscribeToRegistriesAdded                                           :        2 samples, Peak.  13.6 ms (1.6x), Avg.  8.57 ms, Total. 17.14 ms (0.1%)
[Performance] InitializeOnLoad PackageManagerWindow.EditorInitializedInSafeMode                                              :        2 samples, Peak.   103 us (1.2x), Avg.  87.2 us, Total. 174.5 us (0.0%)
[Performance] InitializeOnLoad EditorWindow.Initialize                                                                       :        2 samples, Peak.   117 us (1.1x), Avg.   111 us, Total. 221.2 us (0.0%)
[Performance] InitializeOnLoad ToolShortcutContext.Init                                                                      :        2 samples, Peak.  58.2 us (1.0x), Avg.  56.5 us, Total. 113.0 us (0.0%)
[Performance] AssemblyReloadEvents.afterAssemblyReload: UnityEditor.SceneTemplate.SceneTemplateService.AfterAssemblyReload   :        2 samples, Peak.  1.41 ms (1.8x), Avg.   768 us, Total. 1.537 ms (0.0%)
[Performance] ProcessService.EditorAfterLoadAllAssemblies                                                                    :        2 samples, Peak.   345 us (1.3x), Avg.   256 us, Total. 511.8 us (0.0%)
[Performance] Application.ReadLicenseInfo                                                                                    :        1 samples, Peak.  11.2 ms (1.0x), Avg.  11.2 ms, Total. 11.18 ms (0.1%)
[Performance] Application.InitialRefresh                                                                                     :        1 samples, Peak.  6.26 s (1.0x), Avg.  6.26 s, Total. 6.264 s (34.5%)
[Performance] ShaderImporter.SourceAssetModified                                                                             :        2 samples, Peak.   334 ns (1.1x), Avg.   313 ns, Total. 625.0 ns (0.0%)
[Performance] ShaderIncludeImporter.SourceAssetModified                                                                      :        2 samples, Peak.  1.12 us (1.5x), Avg.   771 ns, Total. 1.542 us (0.0%)
[Performance] Compiling Scripts                                                                                              :        1 samples, Peak.  3.83 s (1.0x), Avg.  3.83 s, Total. 3.827 s (21.1%)
[Performance] AssemblyReloadEvents.beforeAssemblyReload: UnityEditor.SceneTemplate.SceneTemplateService.BeforeAssemblyReload :        1 samples, Peak.   470 us (1.0x), Avg.   470 us, Total. 470.4 us (0.0%)
[Performance] PresetManagerPostProcessor.OnPreprocessAsset                                                                   :        2 samples, Peak.   579 us (2.0x), Avg.   293 us, Total. 585.6 us (0.0%)
[Performance] CancelSplashScreenOnAssetChange.OnPreprocessAsset                                                              :        2 samples, Peak.   338 us (2.0x), Avg.   170 us, Total. 340.0 us (0.0%)
[Performance] InitializeOnLoad CoreStatsIntegration                                                                          :        1 samples, Peak.   147 us (1.0x), Avg.   147 us, Total. 147.0 us (0.0%)
[Performance] InitializeOnLoad GetIl2CppFolderHook                                                                           :        1 samples, Peak.  9.77 ms (1.0x), Avg.  9.77 ms, Total. 9.765 ms (0.1%)
[Performance] InitializeOnLoad CopyStrippedAOTAssembliesHook                                                                 :        1 samples, Peak.   585 us (1.0x), Avg.   585 us, Total. 584.7 us (0.0%)
[Performance] InitializeOnLoad BackgroundWatcher                                                                             :        1 samples, Peak.  81.1 us (1.0x), Avg.  81.1 us, Total. 81.08 us (0.0%)
[Performance] InitializeOnLoad UnityTestProtocolStarter                                                                      :        1 samples, Peak.   122 us (1.0x), Avg.   122 us, Total. 122.0 us (0.0%)
[Performance] InitializeOnLoad TestStarter                                                                                   :        1 samples, Peak.  1.47 ms (1.0x), Avg.  1.47 ms, Total. 1.466 ms (0.0%)
[Performance] InitializeOnLoad RerunCallbackInitializer                                                                      :        1 samples, Peak.   890 us (1.0x), Avg.   890 us, Total. 889.5 us (0.0%)
[Performance] InitializeOnLoad RiderScriptEditor                                                                             :        1 samples, Peak.  34.3 ms (1.0x), Avg.  34.3 ms, Total. 34.27 ms (0.2%)
[Performance] InitializeOnLoad CallbackInitializer                                                                           :        1 samples, Peak.   500 us (1.0x), Avg.   500 us, Total. 500.5 us (0.0%)
[Performance] InitializeOnLoad SpriteEditorWindow                                                                            :        1 samples, Peak.   237 us (1.0x), Avg.   237 us, Total. 237.4 us (0.0%)
[Performance] InitializeOnLoad CoverageReporterStarter                                                                       :        1 samples, Peak.  2.71 ms (1.0x), Avg.  2.71 ms, Total. 2.715 ms (0.0%)
[Performance] InitializeOnLoad PlasticPlugin                                                                                 :        1 samples, Peak.  32.1 ms (1.0x), Avg.  32.1 ms, Total. 32.09 ms (0.2%)
[Performance] InitializeOnLoad ToolbarBootstrap                                                                              :        1 samples, Peak.  46.2 ms (1.0x), Avg.  46.2 ms, Total. 46.17 ms (0.3%)
[Performance] InitializeOnLoad VSCodeScriptEditor                                                                            :        1 samples, Peak.  1.53 ms (1.0x), Avg.  1.53 ms, Total. 1.529 ms (0.0%)
[Performance] InitializeOnLoad PrefabLayoutRebuilder                                                                         :        1 samples, Peak.   132 us (1.0x), Avg.   132 us, Total. 132.0 us (0.0%)
[Performance] InitializeOnLoad AnalyticsImporter                                                                             :        1 samples, Peak.   959 us (1.0x), Avg.   959 us, Total. 959.5 us (0.0%)
[Performance] InitializeOnLoad AnalyticsEventTrackerEditorCallbacks                                                          :        1 samples, Peak.   151 us (1.0x), Avg.   151 us, Total. 151.0 us (0.0%)
[Performance] InitializeOnLoad VisualStudioEditor                                                                            :        1 samples, Peak.  2.60 ms (1.0x), Avg.  2.60 ms, Total. 2.600 ms (0.0%)
[Performance] InitializeOnLoad TestRunnerApiListener                                                                         :        1 samples, Peak.   209 us (1.0x), Avg.   209 us, Total. 209.0 us (0.0%)
[Performance] InitializeOnLoad VisualStudioIntegration                                                                       :        1 samples, Peak.   249 us (1.0x), Avg.   249 us, Total. 248.7 us (0.0%)
[Performance] InitializeOnLoad NavigationWindow                                                                              :        1 samples, Peak.   279 us (1.0x), Avg.   279 us, Total. 279.4 us (0.0%)
[Performance] InitializeOnLoad SceneViewGridManager.Initialize                                                               :        1 samples, Peak.  4.69 ms (1.0x), Avg.  4.69 ms, Total. 4.693 ms (0.0%)
[Performance] InitializeOnLoad TilemapPrefabStageHelper.Initialize                                                           :        1 samples, Peak.   674 us (1.0x), Avg.   674 us, Total. 673.9 us (0.0%)
[Performance] InitializeOnLoad SceneViewOpenTilePaletteHelper.Initialize                                                     :        1 samples, Peak.   400 us (1.0x), Avg.   400 us, Total. 399.9 us (0.0%)
[Performance] InitializeOnLoad TileDragAndDropManager.Initialize                                                             :        1 samples, Peak.   248 us (1.0x), Avg.   248 us, Total. 248.4 us (0.0%)
[Performance] InitializeOnLoad PlayerLoopHelper.InitOnEditor                                                                 :        1 samples, Peak.  3.19 ms (1.0x), Avg.  3.19 ms, Total. 3.188 ms (0.0%)
[Performance] InitializeOnLoad VisualStudioEditor.LegacyVisualStudioCodePackageDisabler                                      :        1 samples, Peak.  1.54 ms (1.0x), Avg.  1.54 ms, Total. 1.537 ms (0.0%)
[Performance] InitializeOnLoad EditorGameServiceRegistry.RegisterAllServices                                                 :        1 samples, Peak.  5.41 ms (1.0x), Avg.  5.41 ms, Total. 5.415 ms (0.0%)
[Performance] InitializeOnLoad ServiceInstallationListener.RegisterToEvents                                                  :        1 samples, Peak.   546 us (1.0x), Avg.   546 us, Total. 545.7 us (0.0%)
[Performance] InitializeOnLoad ActionSchedulerCleaner.RegisterSchedulerCleaner                                               :        1 samples, Peak.   224 us (1.0x), Avg.   224 us, Total. 224.5 us (0.0%)
[Performance] InitializeOnLoad EngineStateHelper.Init                                                                        :        1 samples, Peak.  69.8 us (1.0x), Avg.  69.8 us, Total. 69.83 us (0.0%)
[Performance] InitializeOnLoad ThreadHelper.Init                                                                             :        1 samples, Peak.   204 us (1.0x), Avg.   204 us, Total. 203.7 us (0.0%)
[Performance] InitializeOnLoad TestJobDataHolder.ResumeRunningJobs                                                           :        1 samples, Peak.   345 us (1.0x), Avg.   345 us, Total. 345.5 us (0.0%)
[Performance] InitializeOnLoad AnalyticsReporter.RegisterCallbacks                                                           :        1 samples, Peak.   126 us (1.0x), Avg.   126 us, Total. 126.1 us (0.0%)
[Performance] InitializeOnLoad EditorToolSet.Startup                                                                         :        1 samples, Peak.  72.7 us (1.0x), Avg.  72.7 us, Total. 72.67 us (0.0%)
[Performance] InitializeOnLoad UnityThreadUtils.CaptureUnityThreadInfo                                                       :        1 samples, Peak.  69.1 us (1.0x), Avg.  69.1 us, Total. 69.12 us (0.0%)
[Performance] DidReloadScriptsTestRunnerWindow.CompilationCallback                                                           :        1 samples, Peak.   135 us (1.0x), Avg.   135 us, Total. 134.6 us (0.0%)
[Performance] DidReloadScriptsTestListCache.ScriptReloaded                                                                   :        1 samples, Peak.   568 us (1.0x), Avg.   568 us, Total. 568.3 us (0.0%)
[Performance] DidReloadScriptsAdvancedDropdownWindow.OnScriptReload                                                          :        1 samples, Peak.   102 us (1.0x), Avg.   102 us, Total. 102.2 us (0.0%)
[Performance] AssetDatabase.ImportAssets                                                                                     :        3 samples, Peak.   375 ns (1.7x), Avg.   222 ns, Total. 667.0 ns (0.0%)
[Performance] VersionControl.Task.Wait                                                                                       :        1 samples, Peak.  80.4 us (1.0x), Avg.  80.4 us, Total. 80.42 us (0.0%)
[Performance] TMPro_TexturePostProcessor.OnPostprocessAllAssets                                                              :        2 samples, Peak.   283 us (1.1x), Avg.   253 us, Total. 506.8 us (0.0%)
[Performance] AssetPostprocessor.OnPostprocessAllAssets                                                                      :        2 samples, Peak.   409 us (1.0x), Avg.   408 us, Total. 816.0 us (0.0%)
[Performance] BuilderAssetPostprocessor.OnPostprocessAllAssets                                                               :        2 samples, Peak.  1.36 ms (1.0x), Avg.  1.36 ms, Total. 2.712 ms (0.0%)
[Performance] ArtifactBrowserPostProcessor.OnPostprocessAllAssets                                                            :        2 samples, Peak.   252 us (1.0x), Avg.   251 us, Total. 501.7 us (0.0%)
[Performance] AssetEvents.OnPostprocessAllAssets                                                                             :        4 samples, Peak.  97.7 us (1.6x), Avg.  62.7 us, Total. 250.8 us (0.0%)
[Performance] AudioMixerPostprocessor.OnPostprocessAllAssets                                                                 :        2 samples, Peak.   154 us (1.0x), Avg.   153 us, Total. 306.3 us (0.0%)
[Performance] StyleCatalogPostProcessor.OnPostprocessAllAssets                                                               :        2 samples, Peak.  13.2 ms (1.0x), Avg.  13.2 ms, Total. 26.45 ms (0.1%)
[Performance] BuildCatalog                                                                                                   :        1 samples, Peak.  12.7 ms (1.0x), Avg.  12.7 ms, Total. 12.74 ms (0.1%)
[Performance] ModelImporterPostProcessor.OnPostprocessAllAssets                                                              :        2 samples, Peak.   478 us (1.0x), Avg.   478 us, Total. 955.3 us (0.0%)
[Performance] RetainedModeAssetPostprocessor.OnPostprocessAllAssets                                                          :        2 samples, Peak.  1.06 ms (1.0x), Avg.  1.06 ms, Total. 2.113 ms (0.0%)
[Performance] AssetChangedListener.OnPostprocessAllAssets                                                                    :        2 samples, Peak.   729 us (1.0x), Avg.   728 us, Total. 1.456 ms (0.0%)
[Performance] SpeedTreePostProcessor.OnPostprocessAllAssets                                                                  :        2 samples, Peak.  99.8 us (1.0x), Avg.  98.7 us, Total. 197.4 us (0.0%)
[Performance] TextAssetPostProcessor.OnPostprocessAllAssets                                                                  :        2 samples, Peak.   206 us (1.0x), Avg.   206 us, Total. 411.2 us (0.0%)
[Performance] AssetProcessor.OnPostprocessAllAssets                                                                          :        6 samples, Peak.   690 us (1.6x), Avg.   433 us, Total. 2.601 ms (0.0%)
[Performance] SpriteEditorTexturePostprocessor.OnPostprocessAllAssets                                                        :        2 samples, Peak.   147 us (1.0x), Avg.   146 us, Total. 291.8 us (0.0%)
[Performance] SyncVS.PostprocessSyncProject                                                                                  :        1 samples, Peak.   246 ms (1.0x), Avg.   246 ms, Total. 246.4 ms (1.4%)
[Performance] EditorApplication.projectChanged: UnityEditor.Audio.MixerEffectDefinitionReloader.OnProjectChanged             :        1 samples, Peak.   239 us (1.0x), Avg.   239 us, Total. 238.6 us (0.0%)
[Performance] Application.ImportPackagesAndSetTemplateWhenCreatingProject                                                    :        1 samples, Peak.  28.0 ms (1.0x), Avg.  28.0 ms, Total. 28.03 ms (0.2%)
[Performance] Application.SyncCurrentColorSpace                                                                              :        1 samples, Peak.  94.1 ms (1.0x), Avg.  94.1 ms, Total. 94.05 ms (0.5%)
[Performance] Application.OnUsbDevicesChanged                                                                                :        1 samples, Peak.   355 us (1.0x), Avg.   355 us, Total. 355.2 us (0.0%)
[Performance] Application.AssetInstanceCacheUpdate                                                                           :        1 samples, Peak.   125 ns (1.0x), Avg.   125 ns, Total. 125.0 ns (0.0%)
[Performance] Application.UnityExtensions.Initialize                                                                         :        1 samples, Peak.  3.15 ms (1.0x), Avg.  3.15 ms, Total. 3.149 ms (0.0%)
[Performance] CodeEditorProjectSync.SyncEditorProject                                                                        :        1 samples, Peak.   183 ms (1.0x), Avg.   183 ms, Total. 183.3 ms (1.0%)
[Performance] Application.ExecuteStartups                                                                                    :        1 samples, Peak.  38.5 ms (1.0x), Avg.  38.5 ms, Total. 38.51 ms (0.2%)
[Performance] Menu.RegisterMenuInterface                                                                                     :       26 samples, Peak.   958 ns (6.4x), Avg.   149 ns, Total. 3.875 us (0.0%)
[Performance] Gizmo.RebuildRenderers                                                                                         :        1 samples, Peak.  37.1 ms (1.0x), Avg.  37.1 ms, Total. 37.11 ms (0.2%)
[Performance] Gizmo.AddGizmoRenderers                                                                                        :      117 samples, Peak.   776 us (55.4x), Avg.  14.0 us, Total. 1.639 ms (0.0%)
[Performance] Application.editorInitializingProject                                                                          :        1 samples, Peak.  34.5 us (1.0x), Avg.  34.5 us, Total. 34.46 us (0.0%)
[Performance] Application.FinishLoadingProject                                                                               :        1 samples, Peak.   104 ms (1.0x), Avg.   104 ms, Total. 104.2 ms (0.6%)
[Performance] Application.InitializeMenu                                                                                     :        1 samples, Peak.  48.9 ms (1.0x), Avg.  48.9 ms, Total. 48.87 ms (0.3%)
[Performance] Menu.RebuildAll                                                                                                :        1 samples, Peak.  48.9 ms (1.0x), Avg.  48.9 ms, Total. 48.86 ms (0.3%)
[Performance] Menu.BuildRegisteredMenuInterfaces                                                                             :        1 samples, Peak.  45.3 ms (1.0x), Avg.  45.3 ms, Total. 45.35 ms (0.3%)
[Performance] Menu.FilterMenuItem                                                                                            :      686 samples, Peak.  26.3 ms (681.5x), Avg.  38.6 us, Total. 26.50 ms (0.1%)
[Performance] UpdateAllMenus                                                                                                 :        1 samples, Peak.   281 us (1.0x), Avg.   281 us, Total. 281.4 us (0.0%)
[Performance] EditorSceneManager.sceneClosing: UnityEditor.SceneVisibilityManager.EditorSceneManagerOnSceneClosing           :        3 samples, Peak.   136 us (2.8x), Avg.  48.4 us, Total. 145.3 us (0.0%)
[Performance] GUIView.RepaintAll.PlayerLoopController                                                                        :        7 samples, Peak.   667 ns (1.6x), Avg.   423 ns, Total. 2.959 us (0.0%)
[Performance] EditorSceneManager.newSceneCreated: UnityEditor.SceneTemplate.SceneTemplateService.OnNewSceneCreated           :        3 samples, Peak.   111 us (2.9x), Avg.  37.6 us, Total. 112.8 us (0.0%)
[Performance] EditorSceneManager.newSceneCreated: UnityEditor.SceneVisibilityManager.EditorSceneManagerOnNewSceneCreated     :        3 samples, Peak.  88.7 us (2.4x), Avg.  37.2 us, Total. 111.6 us (0.0%)
[Performance] EditorSceneManager.newSceneCreated: UnityEditor.SceneManagement.StageNavigationManager.OnNewSceneCreated       :        3 samples, Peak.  27.6 us (2.8x), Avg.  9.89 us, Total. 29.67 us (0.0%)
[Performance] Application.InvokeFinishedLoadingProject                                                                       :        1 samples, Peak.  6.23 ms (1.0x), Avg.  6.23 ms, Total. 6.226 ms (0.0%)
[Performance] ProcessService.OnProjectLoaded                                                                                 :        1 samples, Peak.  33.6 us (1.0x), Avg.  33.6 us, Total. 33.58 us (0.0%)
[Performance] Application.InvokeProjectWasLoaded                                                                             :        1 samples, Peak.  25.5 us (1.0x), Avg.  25.5 us, Total. 25.46 us (0.0%)
[Performance] Application.Tick                                                                                               :       33 samples, Peak.   300 ms (13.0x), Avg.  23.0 ms, Total. 760.4 ms (4.2%)
[Performance] CheckLicensingClient                                                                                           :        1 samples, Peak.  3.42 us (1.0x), Avg.  3.42 us, Total. 3.417 us (0.0%)
[Performance] CheckLicensingClientNotification                                                                               :        1 samples, Peak.  4.17 us (1.0x), Avg.  4.17 us, Total. 4.166 us (0.0%)
[Performance] LicenseActivated.Tick                                                                                          :        1 samples, Peak.  19.9 us (1.0x), Avg.  19.9 us, Total. 19.92 us (0.0%)
[Performance] Application.TickVersionControl                                                                                 :       34 samples, Peak.  1.87 us (3.3x), Avg.   574 ns, Total. 19.50 us (0.0%)
[Performance] MonoCompiler.Tick                                                                                              :        3 samples, Peak.  18.4 us (1.9x), Avg.  9.50 us, Total. 28.50 us (0.0%)
[Performance] UnityConnect.Tick                                                                                              :        7 samples, Peak.  3.56 ms (6.9x), Avg.   514 us, Total. 3.595 ms (0.0%)
[Performance] UnityVersionControl.Tick                                                                                       :        7 samples, Peak.   416 ns (1.6x), Avg.   262 ns, Total. 1.834 us (0.0%)
[Performance] CurlRequest.Tick                                                                                               :        4 samples, Peak.  31.5 us (3.4x), Avg.  9.24 us, Total. 36.96 us (0.0%)
[Performance] HubClient.Tick                                                                                                 :        4 samples, Peak.   416 ns (1.3x), Avg.   323 ns, Total. 1.291 us (0.0%)
[Performance] AssetDatabase.Tick                                                                                             :        4 samples, Peak.  34.7 us (4.0x), Avg.  8.75 us, Total. 35.00 us (0.0%)
[Performance] SceneBackgroundTask.Tick                                                                                       :        4 samples, Peak.   250 ns (1.5x), Avg.   167 ns, Total. 667.0 ns (0.0%)
[Performance] Scheduler.Tick                                                                                                 :       16 samples, Peak.  1.21 ms (15.1x), Avg.  79.9 us, Total. 1.279 ms (0.0%)
[Performance] RepaintAllProfilerWindows                                                                                      :        2 samples, Peak.   147 us (2.0x), Avg.  74.3 us, Total. 148.5 us (0.0%)
[Performance] PlayerUpdates.Tick                                                                                             :        7 samples, Peak.  17.8 us (1.7x), Avg.  10.3 us, Total. 72.13 us (0.0%)
[Performance] Application.TickGlobalCallbacks                                                                                :       34 samples, Peak.  23.5 ms (17.6x), Avg.  1.34 ms, Total. 45.55 ms (0.3%)
[Performance] CoreBusinessMetrics.Tick                                                                                       :        1 samples, Peak.  66.5 us (1.0x), Avg.  66.5 us, Total. 66.50 us (0.0%)
[Performance] EditorAnalytics.Tick                                                                                           :        3 samples, Peak.  9.46 us (2.8x), Avg.  3.35 us, Total. 10.04 us (0.0%)
[Performance] GI.Tick                                                                                                        :        7 samples, Peak.  23.5 ms (6.1x), Avg.  3.88 ms, Total. 27.16 ms (0.1%)
[Performance] Video.Update                                                                                                   :       34 samples, Peak.  1.75 us (6.8x), Avg.   256 ns, Total. 8.708 us (0.0%)
[Performance] UnitySynchronization.ExecuteTasks                                                                              :        6 samples, Peak.  9.12 us (2.6x), Avg.  3.45 us, Total. 20.71 us (0.0%)
[Performance] Application.TickPreloadManager                                                                                 :       34 samples, Peak.  9.00 us (5.4x), Avg.  1.66 us, Total. 56.50 us (0.0%)
[Performance] Application.TickProgress                                                                                       :       34 samples, Peak.  1.40 ms (31.7x), Avg.  44.3 us, Total. 1.506 ms (0.0%)
[Performance] Application.TickSceneTracker                                                                                   :       33 samples, Peak.   299 ms (14.4x), Avg.  20.7 ms, Total. 683.6 ms (3.8%)
[Performance] EditorApplication.update                                                                                       :       33 samples, Peak.   299 ms (14.5x), Avg.  20.7 ms, Total. 683.5 ms (3.8%)
[Performance] EditorApplication.update: UnityEditor.TestTools.TestRunner.CommandLineTest.TestStarter.UpdateWatch             :        1 samples, Peak.  27.6 ms (1.0x), Avg.  27.6 ms, Total. 27.60 ms (0.2%)
[Performance] EditorApplication.update: Unity.PlasticSCM.Editor.Hub.ProcessHubCommand.RunOnceWhenAccessTokenIsInitialized    :       34 samples, Peak.  51.6 us (19.7x), Avg.  2.61 us, Total. 88.87 us (0.0%)
[Performance] EditorApplication.update: Cysharp.Threading.Tasks.PlayerLoopHelper.ForceEditorPlayerLoopUpdate                 :       34 samples, Peak.   126 us (13.0x), Avg.  9.67 us, Total. 328.7 us (0.0%)
[Performance] EditorApplication.update: FairyGUIEditor.EditorToolSet.EditorApplication_Update                                :       34 samples, Peak.   210 us (31.4x), Avg.  6.69 us, Total. 227.4 us (0.0%)
[Performance] EditorApplication.update: UnityEditor.PackageManager.UI.Internal.ApplicationProxy.OnUpdate                     :       34 samples, Peak.   291 us (30.1x), Avg.  9.65 us, Total. 328.1 us (0.0%)
[Performance] EditorApplication.update: UnityEditor.SceneManagement.StageNavigationManager.Update                            :       34 samples, Peak.   206 us (32.1x), Avg.  6.43 us, Total. 218.5 us (0.0%)
[Performance] ConsoleLog.Tick                                                                                                :        3 samples, Peak.   150 us (2.9x), Avg.  51.6 us, Total. 154.9 us (0.0%)
[Performance] HierarchyWindow.Tick                                                                                           :        4 samples, Peak.  2.38 ms (3.8x), Avg.   629 us, Total. 2.515 ms (0.0%)
[Performance] EditorApplication.hierarchyChanged: Unity.UIElements.Editor.UIDocumentHierarchyWatcher.OnHierarchyChanged      :        2 samples, Peak.   212 us (1.9x), Avg.   110 us, Total. 220.8 us (0.0%)
[Performance] EditorApplication.hierarchyChanged: UnityEditor.Tilemaps.SceneViewGridManager.UpdateCache                      :        2 samples, Peak.  1.77 ms (2.0x), Avg.   888 us, Total. 1.776 ms (0.0%)
[Performance] EditorApplication.hierarchyChanged: UnityEditor.Tilemaps.SceneViewOpenTilePaletteHelper.SelectionChanged       :        2 samples, Peak.  17.5 us (1.9x), Avg.  9.02 us, Total. 18.04 us (0.0%)
[Performance] EditorApplication.hierarchyChanged: UnityEditor.Tilemaps.GridPaintingState.HierarchyChanged                    :        2 samples, Peak.  89.5 us (2.0x), Avg.  45.1 us, Total. 90.29 us (0.0%)
[Performance] Inspector.Tick                                                                                                 :        4 samples, Peak.  18.7 ms (4.0x), Avg.  4.68 ms, Total. 18.74 ms (0.1%)
[Performance] EditorApplication.delayCall: UnityEditor.ShortcutManagement.ShortcutIntegration.EnsureShortcutsAreInitialized  :        1 samples, Peak.  17.8 ms (1.0x), Avg.  17.8 ms, Total. 17.81 ms (0.1%)
[Performance] EditorApplication.delayCall: callback in UnityEditor.AI.NavMeshEditorHelpers                                   :        1 samples, Peak.  31.2 us (1.0x), Avg.  31.2 us, Total. 31.25 us (0.0%)
[Performance] EditorApplication.delayCall: callback in UnityEditor.SceneVisibilityManager                                    :        1 samples, Peak.   656 us (1.0x), Avg.   656 us, Total. 655.9 us (0.0%)
[Performance] EditorApplication.delayCall: callback in UnityEditor.EditorWindow                                              :        1 samples, Peak.  56.3 us (1.0x), Avg.  56.3 us, Total. 56.29 us (0.0%)
[Performance] EditorApplication.delayCall: callback in UnityEditor.EditorTools.ToolShortcutContext                           :        1 samples, Peak.  33.6 us (1.0x), Avg.  33.6 us, Total. 33.63 us (0.0%)
[Performance] EditorApplication.delayCall: UnityEditor.EditorTools.EditorToolContext.Activate                                :        1 samples, Peak.   667 ns (1.0x), Avg.   667 ns, Total. 667.0 ns (0.0%)
[Performance] Tooltip.Tick                                                                                                   :        6 samples, Peak.   229 us (5.1x), Avg.  45.3 us, Total. 271.6 us (0.0%)
[Performance] Application.RequestRepaintForPanels                                                                            :       33 samples, Peak.   181 us (25.3x), Avg.  7.16 us, Total. 236.1 us (0.0%)
[Performance] Application.UpdateScene                                                                                        :       33 samples, Peak.   318 us (9.3x), Avg.  34.2 us, Total. 1.129 ms (0.0%)
[Performance] Application.UpdateTextureStreaming                                                                             :       33 samples, Peak.   375 ns (3.7x), Avg.   101 ns, Total. 3.333 us (0.0%)
[Performance] Application.UpdateVideoTextures                                                                                :       33 samples, Peak.   375 ns (4.1x), Avg.  92.1 ns, Total. 3.039 us (0.0%)
[Performance] PackageImporter.Tick                                                                                           :        3 samples, Peak.   459 ns (1.5x), Avg.   306 ns, Total. 917.0 ns (0.0%)
[Performance] InspectorBackground.Tick                                                                                       :        4 samples, Peak.   417 ns (2.2x), Avg.   187 ns, Total. 750.0 ns (0.0%)
[Performance] BurstDebug.Tick                                                                                                :        2 samples, Peak.   458 ns (1.1x), Avg.   417 ns, Total. 833.0 ns (0.0%)
[Performance] Application.ChangeLayoutIfNeeded                                                                               :       33 samples, Peak.   125 ns (4.1x), Avg.  30.3 ns, Total. 1000.0 ns (0.0%)
[Performance] AsyncReadManager.ForceCloseFiles                                                                               :        1 samples, Peak.  40.9 us (1.0x), Avg.  40.9 us, Total. 40.92 us (0.0%)
[Performance] Application.Message                                                                                            :       33 samples, Peak.   542 ns (3.2x), Avg.   168 ns, Total. 5.542 us (0.0%)
[Performance] EditorApplication.update: UnityEditor.TestTools.TestRunner.TestRun.TestJobRunner.ExecuteStep                   :       33 samples, Peak.   299 ms (15.8x), Avg.  19.0 ms, Total. 626.1 ms (3.5%)
[Performance] GUIView.RepaintAll.RepaintScene                                                                                :       29 samples, Peak.   542 ns (2.8x), Avg.   195 ns, Total. 5.665 us (0.0%)
[Performance] Application.Idle                                                                                               :       17 samples, Peak.  3.76 ms (1.2x), Avg.  3.18 ms, Total. 53.99 ms (0.3%)
[Performance] EditorApplication.update: UnityEditor.TestTools.TestRunner.EditModeRunnerCallback.DisplayProgressBar           :        8 samples, Peak.  89.1 us (7.8x), Avg.  11.5 us, Total. 91.83 us (0.0%)
[Performance] EditorApplication.update: UnityEditor.TestTools.TestRunner.EditModeRunner.TestConsumer                         :        7 samples, Peak.  7.93 ms (2.0x), Avg.  3.95 ms, Total. 27.64 ms (0.2%)
[Performance] Application.Shutdown.SaveDefaultWindowPreferences                                                              :        1 samples, Peak.   107 us (1.0x), Avg.   107 us, Total. 106.8 us (0.0%)
[Performance] Application.Shutdown.SaveSceneManagerSetup                                                                     :        1 samples, Peak.   175 us (1.0x), Avg.   175 us, Total. 175.5 us (0.0%)
[Performance] Application.Shutdown.CleanupAllContainerWindows                                                                :        1 samples, Peak.   334 ns (1.0x), Avg.   334 ns, Total. 334.0 ns (0.0%)
[Performance] EditorApplication.quitting: UnityEditor.SettingsManagement.FileSettingsRepository.Save                         :        1 samples, Peak.   954 us (1.0x), Avg.   954 us, Total. 954.0 us (0.0%)
[Performance] EditorApplication.quitting: UnityEditor.Tilemaps.SceneViewGridManager.EditorQuitting                           :        1 samples, Peak.  81.4 us (1.0x), Avg.  81.4 us, Total. 81.42 us (0.0%)
[Performance] EditorApplication.quitting: callback in UnityEditor.TextCore.Text.EditorEventCallbacks                         :        1 samples, Peak.  9.88 ms (1.0x), Avg.  9.88 ms, Total. 9.882 ms (0.1%)
[Performance] Killing ADB server                                                                                             :        1 samples, Peak.  38.1 ms (1.0x), Avg.  38.1 ms, Total. 38.12 ms (0.2%)
[Performance] Application.Shutdown.PauseProfilerSession                                                                      :        1 samples, Peak.  21.5 us (1.0x), Avg.  21.5 us, Total. 21.46 us (0.0%)
[Performance] Application.Shutdown.PauseAssetImportWorkers                                                                   :        1 samples, Peak.   216 us (1.0x), Avg.   216 us, Total. 215.5 us (0.0%)
[Performance] Application.Shutdown.SaveAssets                                                                                :        1 samples, Peak.  4.85 ms (1.0x), Avg.  4.85 ms, Total. 4.850 ms (0.0%)
[Performance] PaletteAssetModificationProcessor.OnWillSaveAssets                                                             :        1 samples, Peak.   186 us (1.0x), Avg.   186 us, Total. 185.9 us (0.0%)
[Performance] AssetModificationProcessor.OnWillSaveAssets                                                                    :        1 samples, Peak.   186 us (1.0x), Avg.   186 us, Total. 186.2 us (0.0%)
[Performance] UnityCloudProjectLinkMonitor.OnWillSaveAssets                                                                  :        1 samples, Peak.   220 us (1.0x), Avg.   220 us, Total. 219.8 us (0.0%)
[Performance] BuilderAssetModificationProcessor.OnWillSaveAssets                                                             :        1 samples, Peak.   178 us (1.0x), Avg.   178 us, Total. 178.5 us (0.0%)
[Performance] TerrainModificationProcessor.OnWillSaveAssets                                                                  :        1 samples, Peak.   363 us (1.0x), Avg.   363 us, Total. 362.8 us (0.0%)
[Performance] Application.Shutdown.CleanupRenderPipeline                                                                     :        1 samples, Peak.  3.46 us (1.0x), Avg.  3.46 us, Total. 3.459 us (0.0%)
[Performance] Application.Shutdown.StopPreloadManager                                                                        :        1 samples, Peak.  12.1 ms (1.0x), Avg.  12.1 ms, Total. 12.11 ms (0.1%)
[Performance] Application.Shutdown.DestroyWorld                                                                              :        1 samples, Peak.   510 us (1.0x), Avg.   510 us, Total. 510.1 us (0.0%)
[Performance] Application.Shutdown.CleanupAfterLoad                                                                          :        1 samples, Peak.  3.74 ms (1.0x), Avg.  3.74 ms, Total. 3.735 ms (0.0%)
[Performance] Application.Shutdown.Progress                                                                                  :        1 samples, Peak.  9.00 us (1.0x), Avg.  9.00 us, Total. 9.000 us (0.0%)
[Performance] Application.Shutdown.GICleanupManagers                                                                         :        1 samples, Peak.  1.64 ms (1.0x), Avg.  1.64 ms, Total. 1.636 ms (0.0%)
[Performance] Application.Shutdown.MenuCleanupClass                                                                          :        1 samples, Peak.  92.3 us (1.0x), Avg.  92.3 us, Total. 92.29 us (0.0%)
[Performance] Application.Shutdown.ADBSaveStateBeforeShutdown                                                                :        1 samples, Peak.  5.87 us (1.0x), Avg.  5.87 us, Total. 5.875 us (0.0%)
[Performance] Application.Shutdown.RemoteShutdown                                                                            :        1 samples, Peak.   583 ns (1.0x), Avg.   583 ns, Total. 583.0 ns (0.0%)
[Performance] Application.Shutdown.CleanupVCProvider                                                                         :        1 samples, Peak.  7.37 us (1.0x), Avg.  7.37 us, Total. 7.375 us (0.0%)
[Performance] Application.Shutdown.InputShutdown                                                                             :        1 samples, Peak.   162 us (1.0x), Avg.   162 us, Total. 161.6 us (0.0%)
[Performance] Application.Shutdown.GizmoManagerDestroy                                                                       :        1 samples, Peak.   924 us (1.0x), Avg.   924 us, Total. 923.9 us (0.0%)
[Performance] Application.Shutdown.ProfilerSession                                                                           :        1 samples, Peak.   324 us (1.0x), Avg.   324 us, Total. 324.5 us (0.0%)
[Performance] Application.Shutdown.ReleaseGfxWindowOnAllGUIViews                                                             :        1 samples, Peak.   958 ns (1.0x), Avg.   958 ns, Total. 958.0 ns (0.0%)
[Performance] Application.Shutdown.CleanupEngine                                                                             :        1 samples, Peak.   136 ms (1.0x), Avg.   136 ms, Total. 135.6 ms (0.7%)
[Performance] Application.Shutdown.CleanupAssetDatabase                                                                      :        1 samples, Peak.  3.82 ms (1.0x), Avg.  3.82 ms, Total. 3.816 ms (0.0%)
[Performance] Application.Shutdown.ScriptCompilationCleanUp                                                                  :        1 samples, Peak.  9.96 us (1.0x), Avg.  9.96 us, Total. 9.958 us (0.0%)
[Performance] Application.Shutdown.DestroyJobSystem                                                                          :        1 samples, Peak.   275 us (1.0x), Avg.   275 us, Total. 275.1 us (0.0%)
[Performance] Application.Shutdown.CleanupPersistentManager                                                                  :        1 samples, Peak.  1.24 ms (1.0x), Avg.  1.24 ms, Total. 1.238 ms (0.0%)
[Performance] Application.Shutdown.CleanupAsyncReadManager                                                                   :        1 samples, Peak.   278 us (1.0x), Avg.   278 us, Total. 277.8 us (0.0%)
[Performance] Application.Shutdown.CleanupMono                                                                               :        1 samples, Peak.  38.6 ms (1.0x), Avg.  38.6 ms, Total. 38.59 ms (0.2%)
[Performance] Application.Shutdown.CleanupStdConverters                                                                      :        1 samples, Peak.   213 us (1.0x), Avg.   213 us, Total. 212.8 us (0.0%)
[Performance] Application.Shutdown.UnloadAllPlatformSupportModuleNativeDlls                                                  :        1 samples, Peak.   417 ns (1.0x), Avg.   417 ns, Total. 417.0 ns (0.0%)
[Performance] Application.Shutdown.UnloadAllPlatformSupportNativeLibraries                                                   :        1 samples, Peak.   125 ns (1.0x), Avg.   125 ns, Total. 125.0 ns (0.0%)
[Performance] Application.Shutdown.CleanupAutoDocumentation                                                                  :        1 samples, Peak.  93.9 us (1.0x), Avg.  93.9 us, Total. 93.92 us (0.0%)
[Performance] Application.Shutdown.ShaderNameManagerDestroy                                                                  :        1 samples, Peak.  22.6 us (1.0x), Avg.  22.6 us, Total. 22.62 us (0.0%)
[Performance] Application.Shutdown.CleanupCacheServer                                                                        :        1 samples, Peak.   125 ns (1.0x), Avg.   125 ns, Total. 125.0 ns (0.0%)
[Performance] Application.Shutdown.Virtualization_Shutdown                                                                   :        1 samples, Peak.   250 ns (1.0x), Avg.   250 ns, Total. 250.0 ns (0.0%)
[Performance] Application.Shutdown.DevConnections                                                                            :        1 samples, Peak.  54.2 us (1.0x), Avg.  54.2 us, Total. 54.21 us (0.0%)
[Package Manager] Server::Kill -- Server was shutdown
Checking for leaked weakptr:
  Found no leaked weakptrs.
Memory Statistics:
[ALLOC_TEMP_TLS] TLS Allocator
  StackAllocators : 
    [ALLOC_TEMP_CurlRequest]
      Initial Block Size 64.0 KB
      Current Block Size 64.0 KB
      Peak Allocated Bytes 0 B
      Overflow Count 0
    [ALLOC_TEMP_MAIN]
      Peak usage frame count: [4.0 KB-8.0 KB]: 1 frames, [256.0 KB-0.5 MB]: 1 frames, [0.5 MB-1.0 MB]: 1 frames, [8.0 MB-16.0 MB]: 1 frames
      Initial Block Size 16.0 MB
      Current Block Size 17.1 MB
      Peak Allocated Bytes 10.0 MB
      Overflow Count 0
    [ALLOC_TEMP_Background Job.Worker 8]
      Initial Block Size 32.0 KB
      Current Block Size 32.0 KB
      Peak Allocated Bytes 0 B
      Overflow Count 0
    [ALLOC_TEMP_Job.Worker 4]
      Initial Block Size 256.0 KB
      Current Block Size 1.8 MB
      Peak Allocated Bytes 1.8 MB
      Overflow Count 0
    [ALLOC_TEMP_BakingJobs.Worker 5]
      Initial Block Size 256.0 KB
      Current Block Size 256.0 KB
      Peak Allocated Bytes 0 B
      Overflow Count 0
    [ALLOC_TEMP_Background Job.Worker 11]
      Initial Block Size 32.0 KB
      Current Block Size 32.0 KB
      Peak Allocated Bytes 0 B
      Overflow Count 0
    [ALLOC_TEMP_Background Job.Worker 3]
      Initial Block Size 32.0 KB
      Current Block Size 32.0 KB
      Peak Allocated Bytes 0 B
      Overflow Count 0
    [ALLOC_TEMP_BatchDeleteObjects]
      Initial Block Size 64.0 KB
      Current Block Size 64.0 KB
      Peak Allocated Bytes 0 B
      Overflow Count 0
    [ALLOC_TEMP_CoreBusinessMetricsCache]
      Initial Block Size 64.0 KB
      Current Block Size 64.0 KB
      Peak Allocated Bytes 7.9 KB
      Overflow Count 0
    [ALLOC_TEMP_REST Message Handler]
      Initial Block Size 64.0 KB
      Current Block Size 64.0 KB
      Peak Allocated Bytes 0 B
      Overflow Count 0
    [ALLOC_TEMP_AssetDatabase.IOService]
      Initial Block Size 64.0 KB
      Current Block Size 64.0 KB
      Peak Allocated Bytes 0 B
      Overflow Count 0
    [ALLOC_TEMP_Background Job.Worker 2]
      Initial Block Size 32.0 KB
      Current Block Size 32.0 KB
      Peak Allocated Bytes 66 B
      Overflow Count 0
    [ALLOC_TEMP_Loading.PreloadManager]
      Initial Block Size 32.0 MB
      Current Block Size 32.0 MB
      Peak Allocated Bytes 0 B
      Overflow Count 0
    [ALLOC_TEMP_Profiler.Dispatcher]
      Initial Block Size 64.0 KB
      Current Block Size 64.0 KB
      Peak Allocated Bytes 0 B
      Overflow Count 0
    [ALLOC_TEMP_Job.Worker 3]
      Initial Block Size 256.0 KB
      Current Block Size 1.8 MB
      Peak Allocated Bytes 1.8 MB
      Overflow Count 0
    [ALLOC_TEMP_BakingJobs.Worker 7]
      Initial Block Size 256.0 KB
      Current Block Size 256.0 KB
      Peak Allocated Bytes 0 B
      Overflow Count 0
    [ALLOC_TEMP_Background Job.Worker 5]
      Initial Block Size 32.0 KB
      Current Block Size 32.0 KB
      Peak Allocated Bytes 0 B
      Overflow Count 0
    [ALLOC_TEMP_CurlRequest]
      Initial Block Size 64.0 KB
      Current Block Size 64.0 KB
      Peak Allocated Bytes 29 B
      Overflow Count 0
    [ALLOC_TEMP_Background Job.Worker 13]
      Initial Block Size 32.0 KB
      Current Block Size 32.0 KB
      Peak Allocated Bytes 0 B
      Overflow Count 0
    [ALLOC_TEMP_Job.Worker 2]
      Initial Block Size 256.0 KB
      Current Block Size 256.0 KB
      Peak Allocated Bytes 5.7 KB
      Overflow Count 1
    [ALLOC_TEMP_BakingJobs.Worker 6]
      Initial Block Size 256.0 KB
      Current Block Size 256.0 KB
      Peak Allocated Bytes 0 B
      Overflow Count 0
    [ALLOC_TEMP_Job.Worker 0]
      Initial Block Size 256.0 KB
      Current Block Size 256.0 KB
      Peak Allocated Bytes 5.7 KB
      Overflow Count 0
    [ALLOC_TEMP_Job.Worker 5]
      Initial Block Size 256.0 KB
      Current Block Size 256.0 KB
      Peak Allocated Bytes 5.7 KB
      Overflow Count 1
    [ALLOC_TEMP_Job.Worker 6]
      Initial Block Size 256.0 KB
      Current Block Size 256.0 KB
      Peak Allocated Bytes 5.7 KB
      Overflow Count 1
    [ALLOC_TEMP_Background Job.Worker 9]
      Initial Block Size 32.0 KB
      Current Block Size 32.0 KB
      Peak Allocated Bytes 0 B
      Overflow Count 0
    [ALLOC_TEMP_BakingJobs.Worker 1]
      Initial Block Size 256.0 KB
      Current Block Size 256.0 KB
      Peak Allocated Bytes 334 B
      Overflow Count 0
    [ALLOC_TEMP_Loading.AsyncRead]
      Initial Block Size 64.0 KB
      Current Block Size 64.0 KB
      Peak Allocated Bytes 128 B
      Overflow Count 0
    [ALLOC_TEMP_Background Job.Worker 10]
      Initial Block Size 32.0 KB
      Current Block Size 32.0 KB
      Peak Allocated Bytes 0 B
      Overflow Count 0
    [ALLOC_TEMP_Background Job.Worker 6]
      Initial Block Size 32.0 KB
      Current Block Size 32.0 KB
      Peak Allocated Bytes 0 B
      Overflow Count 0
    [ALLOC_TEMP_Background Job.Worker 1]
      Initial Block Size 32.0 KB
      Current Block Size 32.0 KB
      Peak Allocated Bytes 10.7 KB
      Overflow Count 0
    [ALLOC_TEMP_OSX HID Input]
      Initial Block Size 64.0 KB
      Current Block Size 64.0 KB
      Peak Allocated Bytes 0 B
      Overflow Count 0
    [ALLOC_TEMP_AUDIO_FMOD stream thread]
      Initial Block Size 64.0 KB
      Current Block Size 64.0 KB
      Peak Allocated Bytes 0 B
      Overflow Count 0
    [ALLOC_TEMP_BakingJobs.Worker 2]
      Initial Block Size 256.0 KB
      Current Block Size 256.0 KB
      Peak Allocated Bytes 0 B
      Overflow Count 0
    [ALLOC_TEMP_Background Job.Worker 7]
      Initial Block Size 32.0 KB
      Current Block Size 32.0 KB
      Peak Allocated Bytes 0 B
      Overflow Count 0
    [ALLOC_TEMP_Background Job.Worker 15]
      Initial Block Size 32.0 KB
      Current Block Size 32.0 KB
      Peak Allocated Bytes 0 B
      Overflow Count 0
    [ALLOC_TEMP_Job.Worker 1]
      Initial Block Size 256.0 KB
      Current Block Size 1.8 MB
      Peak Allocated Bytes 1.8 MB
      Overflow Count 0
    [ALLOC_TEMP_BakingJobs.Worker 0]
      Initial Block Size 256.0 KB
      Current Block Size 256.0 KB
      Peak Allocated Bytes 0 B
      Overflow Count 0
    [ALLOC_TEMP_BakingJobs.Worker 3]
      Initial Block Size 256.0 KB
      Current Block Size 256.0 KB
      Peak Allocated Bytes 0 B
      Overflow Count 0
    [ALLOC_TEMP_EditorTaskManager]
      Initial Block Size 64.0 KB
      Current Block Size 80.0 KB
      Peak Allocated Bytes 64.0 KB
      Overflow Count 0
    [ALLOC_TEMP_BakingJobs.Worker 4]
      Initial Block Size 256.0 KB
      Current Block Size 256.0 KB
      Peak Allocated Bytes 0 B
      Overflow Count 0
    [ALLOC_TEMP_Background Job.Worker 12]
      Initial Block Size 32.0 KB
      Current Block Size 32.0 KB
      Peak Allocated Bytes 0 B
      Overflow Count 0
    [ALLOC_TEMP_HTTP REST Server]
      Initial Block Size 64.0 KB
      Current Block Size 64.0 KB
      Peak Allocated Bytes 65 B
      Overflow Count 0
    [ALLOC_TEMP_AssetGarbageCollectorHelper] x 7
      Initial Block Size 64.0 KB
      Current Block Size 64.0 KB
      Peak Allocated Bytes 0 B
      Overflow Count 0
    [ALLOC_TEMP_Background Job.Worker 0]
      Initial Block Size 32.0 KB
      Current Block Size 32.0 KB
      Peak Allocated Bytes 0 B
      Overflow Count 0
    [ALLOC_TEMP_AUDIO_Audio Mixer Thread]
      Initial Block Size 64.0 KB
      Current Block Size 64.0 KB
      Peak Allocated Bytes 0 B
      Overflow Count 0
    [ALLOC_TEMP_Background Job.Worker 4]
      Initial Block Size 32.0 KB
      Current Block Size 32.0 KB
      Peak Allocated Bytes 0 B
      Overflow Count 0
    [ALLOC_TEMP_Background Job.Worker 14]
      Initial Block Size 32.0 KB
      Current Block Size 32.0 KB
      Peak Allocated Bytes 0 B
      Overflow Count 0
[ALLOC_MEMORYPROFILER]
  Peak usage frame count: [256.0 KB-0.5 MB]: 3 frames, [0.5 MB-1.0 MB]: 1 frames
  Requested Block Size 1.0 MB
  Peak Block count 1
  Peak Allocated memory 0.7 MB
  Peak Large allocation bytes 0 B
[ALLOC_DEFAULT] Dual Thread Allocator
  Peak main deferred allocation count 71
    [ALLOC_BUCKET]
      Large Block size 32.0 MB
      Used Block count 1
      Peak Allocated bytes 7.8 MB
    [ALLOC_DEFAULT_MAIN]
      Peak usage frame count: [64.0 MB-128.0 MB]: 4 frames
      Requested Block Size 16.0 MB
      Peak Block count 5
      Peak Allocated memory 70.3 MB
      Peak Large allocation bytes 0 B
    [ALLOC_DEFAULT_THREAD]
      Peak usage frame count: [4.0 MB-8.0 MB]: 4 frames
      Requested Block Size 16.0 MB
      Peak Block count 1
      Peak Allocated memory 5.1 MB
      Peak Large allocation bytes 0 B
[ALLOC_TEMP_JOB_1_FRAME]
  Initial Block Size 2.0 MB
  Used Block Count 0
  Overflow Count (too large) 0
  Overflow Count (full) 0
[ALLOC_TEMP_JOB_2_FRAMES]
  Initial Block Size 2.0 MB
  Used Block Count 0
  Overflow Count (too large) 0
  Overflow Count (full) 0
[ALLOC_TEMP_JOB_4_FRAMES (JobTemp)]
  Initial Block Size 2.0 MB
  Used Block Count 1
  Overflow Count (too large) 0
  Overflow Count (full) 0
[ALLOC_TEMP_JOB_ASYNC (Background)]
  Initial Block Size 1.0 MB
  Used Block Count 1
  Overflow Count (too large) 0
  Overflow Count (full) 0
[ALLOC_GFX] Dual Thread Allocator
  Peak main deferred allocation count 0
    [ALLOC_BUCKET]
      Large Block size 32.0 MB
      Used Block count 1
      Peak Allocated bytes 7.8 MB
    [ALLOC_GFX_MAIN]
      Peak usage frame count: [4.0 MB-8.0 MB]: 4 frames
      Requested Block Size 16.0 MB
      Peak Block count 1
      Peak Allocated memory 5.9 MB
      Peak Large allocation bytes 0 B
    [ALLOC_GFX_THREAD]
      Peak usage frame count: [0-1.0 KB]: 4 frames
      Requested Block Size 16.0 MB
      Peak Block count 1
      Peak Allocated memory 424 B
      Peak Large allocation bytes 0 B
[ALLOC_CACHEOBJECTS] Dual Thread Allocator
  Peak main deferred allocation count 215
    [ALLOC_BUCKET]
      Large Block size 32.0 MB
      Used Block count 1
      Peak Allocated bytes 7.8 MB
    [ALLOC_CACHEOBJECTS_MAIN]
      Peak usage frame count: [16.0 MB-32.0 MB]: 3 frames, [32.0 MB-64.0 MB]: 1 frames
      Requested Block Size 4.0 MB
      Peak Block count 13
      Peak Allocated memory 44.6 MB
      Peak Large allocation bytes 19.4 MB
    [ALLOC_CACHEOBJECTS_THREAD]
      Peak usage frame count: [0-1.0 KB]: 2 frames, [1.0 KB-2.0 KB]: 2 frames
      Requested Block Size 4.0 MB
      Peak Block count 1
      Peak Allocated memory 1.3 KB
      Peak Large allocation bytes 0 B
[ALLOC_TYPETREE] Dual Thread Allocator
  Peak main deferred allocation count 497
    [ALLOC_BUCKET]
      Large Block size 32.0 MB
      Used Block count 1
      Peak Allocated bytes 7.8 MB
    [ALLOC_TYPETREE_MAIN]
      Peak usage frame count: [1.0 MB-2.0 MB]: 3 frames, [16.0 MB-32.0 MB]: 1 frames
      Requested Block Size 2.0 MB
      Peak Block count 11
      Peak Allocated memory 18.3 MB
      Peak Large allocation bytes 0 B
    [ALLOC_TYPETREE_THREAD]
      Peak usage frame count: [0-1.0 KB]: 4 frames
      Requested Block Size 2.0 MB
      Peak Block count 0
      Peak Allocated memory 0 B
      Peak Large allocation bytes 0 B
[ALLOC_PROFILER]
  Peak usage frame count: [1.0 MB-2.0 MB]: 4 frames
  Requested Block Size 16.0 MB
  Peak Block count 1
  Peak Allocated memory 1.2 MB
  Peak Large allocation bytes 0 B
    [ALLOC_PROFILER_BUCKET]
      Large Block size 32.0 MB
      Used Block count 1
      Peak Allocated bytes 5.5 KB
[ALLOC_PROFILER_EDITOR]
  Peak usage frame count: [0-1.0 KB]: 4 frames
  Requested Block Size 1.0 MB
  Peak Block count 0
  Peak Allocated memory 0 B
  Peak Large allocation bytes 0 B
    [ALLOC_PROFILER_BUCKET]
      Large Block size 32.0 MB
      Used Block count 1
      Peak Allocated bytes 5.5 KB
##utp:{"type":"MemoryLeaks","version":2,"phase":"Immediate","time":1782267689458,"processId":29542,"allocatedMemory":16674236,"memoryLabels":[{"Default":19935},{"Permanent":15536},{"Thread":1083636},{"Manager":29481},{"VertexData":12},{"Geometry":280},{"Texture":176},{"Shader":68364},{"Material":24},{"GfxDevice":38304},{"Animation":312},{"Audio":3904},{"FontEngine":288},{"Physics":513},{"Serialization":676},{"Input":9032},{"JobScheduler":33392},{"Mono":40},{"ScriptingNativeRuntime":192016},{"BaseObject":1627212},{"Resource":952},{"Renderer":2312},{"Transform":24},{"File":732},{"WebCam":40},{"Culling":40},{"Terrain":1025},{"Wind":24},{"String":15050},{"DynamicArray":72830},{"HashMap":117106},{"Utility":2659758},{"Curl":1056},{"PoolAlloc":1496},{"AI":72},{"TypeTree":5061},{"ScriptManager":640},{"RuntimeInitializeOnLoadManager":80},{"SpriteAtlas":128},{"GI":3976},{"Director":7880},{"WebRequest":816},{"VR":45705},{"SceneManager":576},{"Video":1096},{"LazyScriptCache":40},{"NativeArray":12},{"Camera":25},{"Secure":9625},{"SerializationCache":1576},{"APIUpdating":11856},{"Subsystems":392},{"VirtualTexturing":57512},{"StaticSafetyDebugInfo":327680},{"Baselib":16},{"EditorGui":80},{"EditorUtility":10878},{"VersionControl":4},{"Undo":720},{"AssetDatabase":10141071},{"RestService":1310},{"EditorGi":376},{"ProgressiveLightmapper":2728},{"License":3584},{"UnityConnect":25520},{"Collab":641},{"Upm":1872},{"DrivenProperties":96},{"LocalIPC":212},{"ProfilerEditor":10975},{"CoreBusinessMetrics":3747},{"AssetReference":40},{"IPCStream":40}]}
